#-----------------------------------------------------------
# Vivado v2019.1 (64-bit)
# SW Build 2552052 on Fri May 24 14:49:42 MDT 2019
# IP Build 2548770 on Fri May 24 18:01:18 MDT 2019
# Start of session at: Tue Nov  5 20:11:00 2019
# Process ID: 12172
# Current directory: C:/Development/VHDL/zynq_memory_test
# Command line: vivado.exe -gui_launcher_event rodinguilauncherevent3992 C:\Development\VHDL\zynq_memory_test\zynqexample.xpr
# Log file: C:/Development/VHDL/zynq_memory_test/vivado.log
# Journal file: C:/Development/VHDL/zynq_memory_test\vivado.jou
#-----------------------------------------------------------
start_gui
open_project C:/Development/VHDL/zynq_memory_test/zynqexample.xpr
launch_sdk -workspace C:/Development/VHDL/zynq_memory_test/zynqexample.sdk -hwspec C:/Development/VHDL/zynq_memory_test/zynqexample.sdk/System_wrapper.hdf
update_compile_order -fileset sources_1
open_hw
connect_hw_server
disconnect_hw_server localhost:3121
connect_hw_server
disconnect_hw_server localhost:3121
connect_hw_server
open_hw_target
set_property PROGRAM.FILE {C:/Development/VHDL/zynq_memory_test/zynqexample.runs/impl_1/System_wrapper.bit} [get_hw_devices xc7z020_1]
current_hw_device [get_hw_devices xc7z020_1]
refresh_hw_device -update_hw_probes false [lindex [get_hw_devices xc7z020_1] 0]
set_property PROBES.FILE {} [get_hw_devices xc7z020_1]
set_property FULL_PROBES.FILE {} [get_hw_devices xc7z020_1]
set_property PROGRAM.FILE {C:/Development/VHDL/zynq_memory_test/zynqexample.runs/impl_1/System_wrapper.bit} [get_hw_devices xc7z020_1]
program_hw_devices [get_hw_devices xc7z020_1]
refresh_hw_device [lindex [get_hw_devices xc7z020_1] 0]
