17:54:06 **** Incremental Build of configuration Debug for project hello ****
make pre-build main-build 
a9-linaro-pre-build-step
' '
'Building target: hello.elf'
'Invoking: ARM v7 gcc linker'
arm-none-eabi-gcc -mcpu=cortex-a9 -mfpu=vfpv3 -mfloat-abi=hard -Wl,-build-id=none -specs=Xilinx.spec -Wl,-T -Wl,../src/lscript.ld -L../../standalone_bsp_0/ps7_cortexa9_0/lib -o "hello.elf"  ./src/gpiotest_controller.o ./src/main.o ./src/memtest_controller.o ./src/menu_controller.o ./src/platform.o ./src/uart_controller.o   -Wl,--start-group,-lxil,-lgcc,-lc,--end-group
e:/programy/vivado2019/sdk/2019.1/gnu/aarch32/nt/gcc-arm-none-eabi/bin/../lib/gcc/arm-none-eabi/8.2.0/../../../../arm-none-eabi/bin/ld.exe: ./src/main.o:E:\Development\VHDL\zynq_main_test\zynq_memory_test\zynqexample.sdk\hello\Debug/../src/gpiotest_controller.h:18: multiple definition of `XGPIO_INPUT_PAIRS'; ./src/gpiotest_controller.o:E:\Development\VHDL\zynq_main_test\zynq_memory_test\zynqexample.sdk\hello\Debug/../src/gpiotest_controller.h:18: first defined here
e:/programy/vivado2019/sdk/2019.1/gnu/aarch32/nt/gcc-arm-none-eabi/bin/../lib/gcc/arm-none-eabi/8.2.0/../../../../arm-none-eabi/bin/ld.exe: ./src/main.o:E:\Development\VHDL\zynq_main_test\zynq_memory_test\zynqexample.sdk\hello\Debug/../src/gpiotest_controller.h:19: multiple definition of `XGPIO_OUTPUT_PAIRS'; ./src/gpiotest_controller.o:E:\Development\VHDL\zynq_main_test\zynq_memory_test\zynqexample.sdk\hello\Debug/../src/gpiotest_controller.h:19: first defined here
collect2.exe: error: ld returned 1 exit status
make: *** [makefile:41: hello.elf] Error 1
17:55:07 **** Auto Build of configuration Debug for project hello ****
make pre-build main-build 
a9-linaro-pre-build-step
' '
'Building file: ../src/gpiotest_controller.c'
'Invoking: ARM v7 gcc compiler'
arm-none-eabi-gcc -Wall -O0 -g3 -c -fmessage-length=0 -MT"src/gpiotest_controller.o" -mcpu=cortex-a9 -mfpu=vfpv3 -mfloat-abi=hard -I../../standalone_bsp_0/ps7_cortexa9_0/include -MMD -MP -MF"src/gpiotest_controller.d" -MT"src/gpiotest_controller.o" -o "src/gpiotest_controller.o" "../src/gpiotest_controller.c"
../src/gpiotest_controller.c:7:21: error: redefinition of 'XGPIO_INPUT_PAIRS'
 const unsigned char XGPIO_INPUT_PAIRS [XGPIO_CHANNEL_COUNT][XGPIO_PAIR_COUNT] = {{0,2,4,6,8,10,12,14}};
                     ^~~~~~~~~~~~~~~~~
In file included from ../src/gpiotest_controller.c:6:
../src/gpiotest_controller.h:18:21: note: previous definition of 'XGPIO_INPUT_PAIRS' was here
 const unsigned char XGPIO_INPUT_PAIRS [XGPIO_CHANNEL_COUNT][XGPIO_PAIR_COUNT] = {{0,2,4,6,8,10,12,14}};
                     ^~~~~~~~~~~~~~~~~
../src/gpiotest_controller.c:8:21: error: redefinition of 'XGPIO_OUTPUT_PAIRS'
 const unsigned char XGPIO_OUTPUT_PAIRS[XGPIO_CHANNEL_COUNT][XGPIO_PAIR_COUNT] = {{1,3,5,7,9,11,13,15}};
                     ^~~~~~~~~~~~~~~~~~
In file included from ../src/gpiotest_controller.c:6:
../src/gpiotest_controller.h:19:21: note: previous definition of 'XGPIO_OUTPUT_PAIRS' was here
 const unsigned char XGPIO_OUTPUT_PAIRS[XGPIO_CHANNEL_COUNT][XGPIO_PAIR_COUNT] = {{1,3,5,7,9,11,13,15}};
                     ^~~~~~~~~~~~~~~~~~
make: *** [src/subdir.mk:38: src/gpiotest_controller.o] Error 1
17:55:12 **** Auto Build of configuration Debug for project hello ****
make pre-build main-build 
a9-linaro-pre-build-step
' '
'Building file: ../src/gpiotest_controller.c'
'Invoking: ARM v7 gcc compiler'
arm-none-eabi-gcc -Wall -O0 -g3 -c -fmessage-length=0 -MT"src/gpiotest_controller.o" -mcpu=cortex-a9 -mfpu=vfpv3 -mfloat-abi=hard -I../../standalone_bsp_0/ps7_cortexa9_0/include -MMD -MP -MF"src/gpiotest_controller.d" -MT"src/gpiotest_controller.o" -o "src/gpiotest_controller.o" "../src/gpiotest_controller.c"
'Finished building: ../src/gpiotest_controller.c'
' '
'Building file: ../src/main.c'
'Invoking: ARM v7 gcc compiler'
arm-none-eabi-gcc -Wall -O0 -g3 -c -fmessage-length=0 -MT"src/main.o" -mcpu=cortex-a9 -mfpu=vfpv3 -mfloat-abi=hard -I../../standalone_bsp_0/ps7_cortexa9_0/include -MMD -MP -MF"src/main.d" -MT"src/main.o" -o "src/main.o" "../src/main.c"
'Finished building: ../src/main.c'
' '
'Building target: hello.elf'
'Invoking: ARM v7 gcc linker'
arm-none-eabi-gcc -mcpu=cortex-a9 -mfpu=vfpv3 -mfloat-abi=hard -Wl,-build-id=none -specs=Xilinx.spec -Wl,-T -Wl,../src/lscript.ld -L../../standalone_bsp_0/ps7_cortexa9_0/lib -o "hello.elf"  ./src/gpiotest_controller.o ./src/main.o ./src/memtest_controller.o ./src/menu_controller.o ./src/platform.o ./src/uart_controller.o   -Wl,--start-group,-lxil,-lgcc,-lc,--end-group
'Finished building target: hello.elf'
' '
'Invoking: ARM v7 Print Size'
arm-none-eabi-size hello.elf  |tee "hello.elf.size"
   text	   data	    bss	    dec	    hex	filename
  61364	   2632	  23436	  87432	  15588	hello.elf
'Finished building: hello.elf.size'
' '
17:55:38 **** Auto Build of configuration Debug for project hello ****
make pre-build main-build 
a9-linaro-pre-build-step
' '
'Building file: ../src/gpiotest_controller.c'
'Invoking: ARM v7 gcc compiler'
arm-none-eabi-gcc -Wall -O0 -g3 -c -fmessage-length=0 -MT"src/gpiotest_controller.o" -mcpu=cortex-a9 -mfpu=vfpv3 -mfloat-abi=hard -I../../standalone_bsp_0/ps7_cortexa9_0/include -MMD -MP -MF"src/gpiotest_controller.d" -MT"src/gpiotest_controller.o" -o "src/gpiotest_controller.o" "../src/gpiotest_controller.c"
'Finished building: ../src/gpiotest_controller.c'
' '
'Building file: ../src/main.c'
'Invoking: ARM v7 gcc compiler'
arm-none-eabi-gcc -Wall -O0 -g3 -c -fmessage-length=0 -MT"src/main.o" -mcpu=cortex-a9 -mfpu=vfpv3 -mfloat-abi=hard -I../../standalone_bsp_0/ps7_cortexa9_0/include -MMD -MP -MF"src/main.d" -MT"src/main.o" -o "src/main.o" "../src/main.c"
'Finished building: ../src/main.c'
' '
'Building target: hello.elf'
'Invoking: ARM v7 gcc linker'
arm-none-eabi-gcc -mcpu=cortex-a9 -mfpu=vfpv3 -mfloat-abi=hard -Wl,-build-id=none -specs=Xilinx.spec -Wl,-T -Wl,../src/lscript.ld -L../../standalone_bsp_0/ps7_cortexa9_0/lib -o "hello.elf"  ./src/gpiotest_controller.o ./src/main.o ./src/memtest_controller.o ./src/menu_controller.o ./src/platform.o ./src/uart_controller.o   -Wl,--start-group,-lxil,-lgcc,-lc,--end-group
'Finished building target: hello.elf'
' '
'Invoking: ARM v7 Print Size'
arm-none-eabi-size hello.elf  |tee "hello.elf.size"
   text	   data	    bss	    dec	    hex	filename
  61364	   2632	  23436	  87432	  15588	hello.elf
'Finished building: hello.elf.size'
' '
17:55:42 **** Incremental Build of configuration Debug for project hello ****
make pre-build main-build 
a9-linaro-pre-build-step
' '
make: Nothing to be done for 'main-build'.
17:55:47 **** Incremental Build of configuration Debug for project hello ****
make pre-build main-build 
a9-linaro-pre-build-step
' '
make: Nothing to be done for 'main-build'.
17:59:17 **** Incremental Build of configuration Debug for project hello ****
make pre-build main-build 
a9-linaro-pre-build-step
' '
make: Nothing to be done for 'main-build'.
17:59:46 **** Incremental Build of configuration Debug for project hello ****
make pre-build main-build 
a9-linaro-pre-build-step
' '
make: Nothing to be done for 'main-build'.
18:01:37 **** Incremental Build of configuration Debug for project hello ****
make pre-build main-build 
a9-linaro-pre-build-step
' '
make: Nothing to be done for 'main-build'.
18:03:46 **** Auto Build of configuration Debug for project hello ****
make pre-build main-build 
a9-linaro-pre-build-step
' '
'Building file: ../src/gpiotest_controller.c'
'Invoking: ARM v7 gcc compiler'
arm-none-eabi-gcc -Wall -O0 -g3 -c -fmessage-length=0 -MT"src/gpiotest_controller.o" -mcpu=cortex-a9 -mfpu=vfpv3 -mfloat-abi=hard -I../../standalone_bsp_0/ps7_cortexa9_0/include -MMD -MP -MF"src/gpiotest_controller.d" -MT"src/gpiotest_controller.o" -o "src/gpiotest_controller.o" "../src/gpiotest_controller.c"
../src/gpiotest_controller.c: In function 'xgpiotest_init':
../src/gpiotest_controller.c:18:42: error: 'channel' undeclared (first use in this function)
  u32 readMask = XGpio_DiscreteRead(&GPIO,channel+1);
                                          ^~~~~~~
../src/gpiotest_controller.c:18:42: note: each undeclared identifier is reported only once for each function it appears in
../src/gpiotest_controller.c:18:6: warning: unused variable 'readMask' [-Wunused-variable]
  u32 readMask = XGpio_DiscreteRead(&GPIO,channel+1);
      ^~~~~~~~
make: *** [src/subdir.mk:38: src/gpiotest_controller.o] Error 1
18:03:50 **** Auto Build of configuration Debug for project hello ****
make pre-build main-build 
a9-linaro-pre-build-step
' '
'Building file: ../src/gpiotest_controller.c'
'Invoking: ARM v7 gcc compiler'
arm-none-eabi-gcc -Wall -O0 -g3 -c -fmessage-length=0 -MT"src/gpiotest_controller.o" -mcpu=cortex-a9 -mfpu=vfpv3 -mfloat-abi=hard -I../../standalone_bsp_0/ps7_cortexa9_0/include -MMD -MP -MF"src/gpiotest_controller.d" -MT"src/gpiotest_controller.o" -o "src/gpiotest_controller.o" "../src/gpiotest_controller.c"
../src/gpiotest_controller.c: In function 'xgpiotest_init':
../src/gpiotest_controller.c:17:42: error: 'channel' undeclared (first use in this function)
  u32 readMask = XGpio_DiscreteRead(&GPIO,channel+1);
                                          ^~~~~~~
../src/gpiotest_controller.c:17:42: note: each undeclared identifier is reported only once for each function it appears in
../src/gpiotest_controller.c:17:6: warning: unused variable 'readMask' [-Wunused-variable]
  u32 readMask = XGpio_DiscreteRead(&GPIO,channel+1);
      ^~~~~~~~
make: *** [src/subdir.mk:38: src/gpiotest_controller.o] Error 1
18:04:02 **** Auto Build of configuration Debug for project hello ****
make pre-build main-build 
a9-linaro-pre-build-step
' '
'Building file: ../src/gpiotest_controller.c'
'Invoking: ARM v7 gcc compiler'
arm-none-eabi-gcc -Wall -O0 -g3 -c -fmessage-length=0 -MT"src/gpiotest_controller.o" -mcpu=cortex-a9 -mfpu=vfpv3 -mfloat-abi=hard -I../../standalone_bsp_0/ps7_cortexa9_0/include -MMD -MP -MF"src/gpiotest_controller.d" -MT"src/gpiotest_controller.o" -o "src/gpiotest_controller.o" "../src/gpiotest_controller.c"
../src/gpiotest_controller.c: In function 'xgpiotest_init':
../src/gpiotest_controller.c:17:6: warning: unused variable 'readMask' [-Wunused-variable]
  u32 readMask = XGpio_DiscreteRead(&GPIO,1);
      ^~~~~~~~
'Finished building: ../src/gpiotest_controller.c'
' '
'Building target: hello.elf'
'Invoking: ARM v7 gcc linker'
arm-none-eabi-gcc -mcpu=cortex-a9 -mfpu=vfpv3 -mfloat-abi=hard -Wl,-build-id=none -specs=Xilinx.spec -Wl,-T -Wl,../src/lscript.ld -L../../standalone_bsp_0/ps7_cortexa9_0/lib -o "hello.elf"  ./src/gpiotest_controller.o ./src/main.o ./src/memtest_controller.o ./src/menu_controller.o ./src/platform.o ./src/uart_controller.o   -Wl,--start-group,-lxil,-lgcc,-lc,--end-group
'Finished building target: hello.elf'
' '
'Invoking: ARM v7 Print Size'
arm-none-eabi-size hello.elf  |tee "hello.elf.size"
   text	   data	    bss	    dec	    hex	filename
  61364	   2632	  23436	  87432	  15588	hello.elf
'Finished building: hello.elf.size'
' '
18:04:31 **** Auto Build of configuration Debug for project hello ****
make pre-build main-build 
a9-linaro-pre-build-step
' '
'Building file: ../src/gpiotest_controller.c'
'Invoking: ARM v7 gcc compiler'
arm-none-eabi-gcc -Wall -O0 -g3 -c -fmessage-length=0 -MT"src/gpiotest_controller.o" -mcpu=cortex-a9 -mfpu=vfpv3 -mfloat-abi=hard -I../../standalone_bsp_0/ps7_cortexa9_0/include -MMD -MP -MF"src/gpiotest_controller.d" -MT"src/gpiotest_controller.o" -o "src/gpiotest_controller.o" "../src/gpiotest_controller.c"
'Finished building: ../src/gpiotest_controller.c'
' '
'Building target: hello.elf'
'Invoking: ARM v7 gcc linker'
arm-none-eabi-gcc -mcpu=cortex-a9 -mfpu=vfpv3 -mfloat-abi=hard -Wl,-build-id=none -specs=Xilinx.spec -Wl,-T -Wl,../src/lscript.ld -L../../standalone_bsp_0/ps7_cortexa9_0/lib -o "hello.elf"  ./src/gpiotest_controller.o ./src/main.o ./src/memtest_controller.o ./src/menu_controller.o ./src/platform.o ./src/uart_controller.o   -Wl,--start-group,-lxil,-lgcc,-lc,--end-group
'Finished building target: hello.elf'
' '
'Invoking: ARM v7 Print Size'
arm-none-eabi-size hello.elf  |tee "hello.elf.size"
   text	   data	    bss	    dec	    hex	filename
  61364	   2632	  23436	  87432	  15588	hello.elf
'Finished building: hello.elf.size'
' '
18:04:36 **** Incremental Build of configuration Debug for project hello ****
make pre-build main-build 
a9-linaro-pre-build-step
' '
make: Nothing to be done for 'main-build'.
18:08:56 **** Incremental Build of configuration Debug for project hello ****
make pre-build main-build 
a9-linaro-pre-build-step
' '
make: Nothing to be done for 'main-build'.
18:14:58 **** Incremental Build of configuration Debug for project hello ****
make pre-build main-build 
a9-linaro-pre-build-step
' '
make: Nothing to be done for 'main-build'.
18:21:18 **** Auto Build of configuration Debug for project hello ****
make pre-build main-build 
a9-linaro-pre-build-step
' '
'Building file: ../src/gpiotest_controller.c'
'Invoking: ARM v7 gcc compiler'
arm-none-eabi-gcc -Wall -O0 -g3 -c -fmessage-length=0 -MT"src/gpiotest_controller.o" -mcpu=cortex-a9 -mfpu=vfpv3 -mfloat-abi=hard -I../../standalone_bsp_0/ps7_cortexa9_0/include -MMD -MP -MF"src/gpiotest_controller.d" -MT"src/gpiotest_controller.o" -o "src/gpiotest_controller.o" "../src/gpiotest_controller.c"
'Finished building: ../src/gpiotest_controller.c'
' '
'Building target: hello.elf'
'Invoking: ARM v7 gcc linker'
arm-none-eabi-gcc -mcpu=cortex-a9 -mfpu=vfpv3 -mfloat-abi=hard -Wl,-build-id=none -specs=Xilinx.spec -Wl,-T -Wl,../src/lscript.ld -L../../standalone_bsp_0/ps7_cortexa9_0/lib -o "hello.elf"  ./src/gpiotest_controller.o ./src/main.o ./src/memtest_controller.o ./src/menu_controller.o ./src/platform.o ./src/uart_controller.o   -Wl,--start-group,-lxil,-lgcc,-lc,--end-group
'Finished building target: hello.elf'
' '
'Invoking: ARM v7 Print Size'
arm-none-eabi-size hello.elf  |tee "hello.elf.size"
   text	   data	    bss	    dec	    hex	filename
  61436	   2632	  23436	  87504	  155d0	hello.elf
'Finished building: hello.elf.size'
' '
18:21:39 **** Incremental Build of configuration Debug for project hello ****
make pre-build main-build 
a9-linaro-pre-build-step
' '
make: Nothing to be done for 'main-build'.
18:21:43 **** Auto Build of configuration Debug for project hello ****
make pre-build main-build 
a9-linaro-pre-build-step
' '
'Building file: ../src/main.c'
'Invoking: ARM v7 gcc compiler'
arm-none-eabi-gcc -Wall -O0 -g3 -c -fmessage-length=0 -MT"src/main.o" -mcpu=cortex-a9 -mfpu=vfpv3 -mfloat-abi=hard -I../../standalone_bsp_0/ps7_cortexa9_0/include -MMD -MP -MF"src/main.d" -MT"src/main.o" -o "src/main.o" "../src/main.c"
'Finished building: ../src/main.c'
' '
'Building target: hello.elf'
'Invoking: ARM v7 gcc linker'
arm-none-eabi-gcc -mcpu=cortex-a9 -mfpu=vfpv3 -mfloat-abi=hard -Wl,-build-id=none -specs=Xilinx.spec -Wl,-T -Wl,../src/lscript.ld -L../../standalone_bsp_0/ps7_cortexa9_0/lib -o "hello.elf"  ./src/gpiotest_controller.o ./src/main.o ./src/memtest_controller.o ./src/menu_controller.o ./src/platform.o ./src/uart_controller.o   -Wl,--start-group,-lxil,-lgcc,-lc,--end-group
'Finished building target: hello.elf'
' '
'Invoking: ARM v7 Print Size'
arm-none-eabi-size hello.elf  |tee "hello.elf.size"
   text	   data	    bss	    dec	    hex	filename
  61436	   2632	  23436	  87504	  155d0	hello.elf
'Finished building: hello.elf.size'
' '
18:21:55 **** Incremental Build of configuration Debug for project hello ****
make pre-build main-build 
a9-linaro-pre-build-step
' '
make: Nothing to be done for 'main-build'.
18:22:32 **** Auto Build of configuration Debug for project hello ****
make pre-build main-build 
a9-linaro-pre-build-step
' '
'Building file: ../src/gpiotest_controller.c'
'Invoking: ARM v7 gcc compiler'
arm-none-eabi-gcc -Wall -O0 -g3 -c -fmessage-length=0 -MT"src/gpiotest_controller.o" -mcpu=cortex-a9 -mfpu=vfpv3 -mfloat-abi=hard -I../../standalone_bsp_0/ps7_cortexa9_0/include -MMD -MP -MF"src/gpiotest_controller.d" -MT"src/gpiotest_controller.o" -o "src/gpiotest_controller.o" "../src/gpiotest_controller.c"
'Finished building: ../src/gpiotest_controller.c'
' '
'Building target: hello.elf'
'Invoking: ARM v7 gcc linker'
arm-none-eabi-gcc -mcpu=cortex-a9 -mfpu=vfpv3 -mfloat-abi=hard -Wl,-build-id=none -specs=Xilinx.spec -Wl,-T -Wl,../src/lscript.ld -L../../standalone_bsp_0/ps7_cortexa9_0/lib -o "hello.elf"  ./src/gpiotest_controller.o ./src/main.o ./src/memtest_controller.o ./src/menu_controller.o ./src/platform.o ./src/uart_controller.o   -Wl,--start-group,-lxil,-lgcc,-lc,--end-group
'Finished building target: hello.elf'
' '
'Invoking: ARM v7 Print Size'
arm-none-eabi-size hello.elf  |tee "hello.elf.size"
   text	   data	    bss	    dec	    hex	filename
  61436	   2632	  23436	  87504	  155d0	hello.elf
'Finished building: hello.elf.size'
' '
18:22:39 **** Incremental Build of configuration Debug for project hello ****
make pre-build main-build 
a9-linaro-pre-build-step
' '
make: Nothing to be done for 'main-build'.
18:23:26 **** Incremental Build of configuration Debug for project hello ****
make pre-build main-build 
a9-linaro-pre-build-step
' '
make: Nothing to be done for 'main-build'.
