17:54:06 **** Incremental Build of configuration Debug for project hello ****
make pre-build main-build 
a9-linaro-pre-build-step
' '
'Building target: hello.elf'
'Invoking: ARM v7 gcc linker'
arm-none-eabi-gcc -mcpu=cortex-a9 -mfpu=vfpv3 -mfloat-abi=hard -Wl,-build-id=none -specs=Xilinx.spec -Wl,-T -Wl,../src/lscript.ld -L../../standalone_bsp_0/ps7_cortexa9_0/lib -o "hello.elf"  ./src/gpiotest_controller.o ./src/main.o ./src/memtest_controller.o ./src/menu_controller.o ./src/platform.o ./src/uart_controller.o   -Wl,--start-group,-lxil,-lgcc,-lc,--end-group
e:/programy/vivado2019/sdk/2019.1/gnu/aarch32/nt/gcc-arm-none-eabi/bin/../lib/gcc/arm-none-eabi/8.2.0/../../../../arm-none-eabi/bin/ld.exe: ./src/main.o:E:\Development\VHDL\zynq_main_test\zynq_memory_test\zynqexample.sdk\hello\Debug/../src/gpiotest_controller.h:18: multiple definition of `XGPIO_INPUT_PAIRS'; ./src/gpiotest_controller.o:E:\Development\VHDL\zynq_main_test\zynq_memory_test\zynqexample.sdk\hello\Debug/../src/gpiotest_controller.h:18: first defined here
e:/programy/vivado2019/sdk/2019.1/gnu/aarch32/nt/gcc-arm-none-eabi/bin/../lib/gcc/arm-none-eabi/8.2.0/../../../../arm-none-eabi/bin/ld.exe: ./src/main.o:E:\Development\VHDL\zynq_main_test\zynq_memory_test\zynqexample.sdk\hello\Debug/../src/gpiotest_controller.h:19: multiple definition of `XGPIO_OUTPUT_PAIRS'; ./src/gpiotest_controller.o:E:\Development\VHDL\zynq_main_test\zynq_memory_test\zynqexample.sdk\hello\Debug/../src/gpiotest_controller.h:19: first defined here
collect2.exe: error: ld returned 1 exit status
make: *** [makefile:41: hello.elf] Error 1
17:55:07 **** Auto Build of configuration Debug for project hello ****
make pre-build main-build 
a9-linaro-pre-build-step
' '
'Building file: ../src/gpiotest_controller.c'
'Invoking: ARM v7 gcc compiler'
arm-none-eabi-gcc -Wall -O0 -g3 -c -fmessage-length=0 -MT"src/gpiotest_controller.o" -mcpu=cortex-a9 -mfpu=vfpv3 -mfloat-abi=hard -I../../standalone_bsp_0/ps7_cortexa9_0/include -MMD -MP -MF"src/gpiotest_controller.d" -MT"src/gpiotest_controller.o" -o "src/gpiotest_controller.o" "../src/gpiotest_controller.c"
../src/gpiotest_controller.c:7:21: error: redefinition of 'XGPIO_INPUT_PAIRS'
 const unsigned char XGPIO_INPUT_PAIRS [XGPIO_CHANNEL_COUNT][XGPIO_PAIR_COUNT] = {{0,2,4,6,8,10,12,14}};
                     ^~~~~~~~~~~~~~~~~
In file included from ../src/gpiotest_controller.c:6:
../src/gpiotest_controller.h:18:21: note: previous definition of 'XGPIO_INPUT_PAIRS' was here
 const unsigned char XGPIO_INPUT_PAIRS [XGPIO_CHANNEL_COUNT][XGPIO_PAIR_COUNT] = {{0,2,4,6,8,10,12,14}};
                     ^~~~~~~~~~~~~~~~~
../src/gpiotest_controller.c:8:21: error: redefinition of 'XGPIO_OUTPUT_PAIRS'
 const unsigned char XGPIO_OUTPUT_PAIRS[XGPIO_CHANNEL_COUNT][XGPIO_PAIR_COUNT] = {{1,3,5,7,9,11,13,15}};
                     ^~~~~~~~~~~~~~~~~~
In file included from ../src/gpiotest_controller.c:6:
../src/gpiotest_controller.h:19:21: note: previous definition of 'XGPIO_OUTPUT_PAIRS' was here
 const unsigned char XGPIO_OUTPUT_PAIRS[XGPIO_CHANNEL_COUNT][XGPIO_PAIR_COUNT] = {{1,3,5,7,9,11,13,15}};
                     ^~~~~~~~~~~~~~~~~~
make: *** [src/subdir.mk:38: src/gpiotest_controller.o] Error 1
17:55:12 **** Auto Build of configuration Debug for project hello ****
make pre-build main-build 
a9-linaro-pre-build-step
' '
'Building file: ../src/gpiotest_controller.c'
'Invoking: ARM v7 gcc compiler'
arm-none-eabi-gcc -Wall -O0 -g3 -c -fmessage-length=0 -MT"src/gpiotest_controller.o" -mcpu=cortex-a9 -mfpu=vfpv3 -mfloat-abi=hard -I../../standalone_bsp_0/ps7_cortexa9_0/include -MMD -MP -MF"src/gpiotest_controller.d" -MT"src/gpiotest_controller.o" -o "src/gpiotest_controller.o" "../src/gpiotest_controller.c"
'Finished building: ../src/gpiotest_controller.c'
' '
'Building file: ../src/main.c'
'Invoking: ARM v7 gcc compiler'
arm-none-eabi-gcc -Wall -O0 -g3 -c -fmessage-length=0 -MT"src/main.o" -mcpu=cortex-a9 -mfpu=vfpv3 -mfloat-abi=hard -I../../standalone_bsp_0/ps7_cortexa9_0/include -MMD -MP -MF"src/main.d" -MT"src/main.o" -o "src/main.o" "../src/main.c"
'Finished building: ../src/main.c'
' '
'Building target: hello.elf'
'Invoking: ARM v7 gcc linker'
arm-none-eabi-gcc -mcpu=cortex-a9 -mfpu=vfpv3 -mfloat-abi=hard -Wl,-build-id=none -specs=Xilinx.spec -Wl,-T -Wl,../src/lscript.ld -L../../standalone_bsp_0/ps7_cortexa9_0/lib -o "hello.elf"  ./src/gpiotest_controller.o ./src/main.o ./src/memtest_controller.o ./src/menu_controller.o ./src/platform.o ./src/uart_controller.o   -Wl,--start-group,-lxil,-lgcc,-lc,--end-group
'Finished building target: hello.elf'
' '
'Invoking: ARM v7 Print Size'
arm-none-eabi-size hello.elf  |tee "hello.elf.size"
   text	   data	    bss	    dec	    hex	filename
  61364	   2632	  23436	  87432	  15588	hello.elf
'Finished building: hello.elf.size'
' '
17:55:38 **** Auto Build of configuration Debug for project hello ****
make pre-build main-build 
a9-linaro-pre-build-step
' '
'Building file: ../src/gpiotest_controller.c'
'Invoking: ARM v7 gcc compiler'
arm-none-eabi-gcc -Wall -O0 -g3 -c -fmessage-length=0 -MT"src/gpiotest_controller.o" -mcpu=cortex-a9 -mfpu=vfpv3 -mfloat-abi=hard -I../../standalone_bsp_0/ps7_cortexa9_0/include -MMD -MP -MF"src/gpiotest_controller.d" -MT"src/gpiotest_controller.o" -o "src/gpiotest_controller.o" "../src/gpiotest_controller.c"
'Finished building: ../src/gpiotest_controller.c'
' '
'Building file: ../src/main.c'
'Invoking: ARM v7 gcc compiler'
arm-none-eabi-gcc -Wall -O0 -g3 -c -fmessage-length=0 -MT"src/main.o" -mcpu=cortex-a9 -mfpu=vfpv3 -mfloat-abi=hard -I../../standalone_bsp_0/ps7_cortexa9_0/include -MMD -MP -MF"src/main.d" -MT"src/main.o" -o "src/main.o" "../src/main.c"
'Finished building: ../src/main.c'
' '
'Building target: hello.elf'
'Invoking: ARM v7 gcc linker'
arm-none-eabi-gcc -mcpu=cortex-a9 -mfpu=vfpv3 -mfloat-abi=hard -Wl,-build-id=none -specs=Xilinx.spec -Wl,-T -Wl,../src/lscript.ld -L../../standalone_bsp_0/ps7_cortexa9_0/lib -o "hello.elf"  ./src/gpiotest_controller.o ./src/main.o ./src/memtest_controller.o ./src/menu_controller.o ./src/platform.o ./src/uart_controller.o   -Wl,--start-group,-lxil,-lgcc,-lc,--end-group
'Finished building target: hello.elf'
' '
'Invoking: ARM v7 Print Size'
arm-none-eabi-size hello.elf  |tee "hello.elf.size"
   text	   data	    bss	    dec	    hex	filename
  61364	   2632	  23436	  87432	  15588	hello.elf
'Finished building: hello.elf.size'
' '
17:55:42 **** Incremental Build of configuration Debug for project hello ****
make pre-build main-build 
a9-linaro-pre-build-step
' '
make: Nothing to be done for 'main-build'.
17:55:47 **** Incremental Build of configuration Debug for project hello ****
make pre-build main-build 
a9-linaro-pre-build-step
' '
make: Nothing to be done for 'main-build'.
17:59:17 **** Incremental Build of configuration Debug for project hello ****
make pre-build main-build 
a9-linaro-pre-build-step
' '
make: Nothing to be done for 'main-build'.
17:59:46 **** Incremental Build of configuration Debug for project hello ****
make pre-build main-build 
a9-linaro-pre-build-step
' '
make: Nothing to be done for 'main-build'.
18:01:37 **** Incremental Build of configuration Debug for project hello ****
make pre-build main-build 
a9-linaro-pre-build-step
' '
make: Nothing to be done for 'main-build'.
18:03:46 **** Auto Build of configuration Debug for project hello ****
make pre-build main-build 
a9-linaro-pre-build-step
' '
'Building file: ../src/gpiotest_controller.c'
'Invoking: ARM v7 gcc compiler'
arm-none-eabi-gcc -Wall -O0 -g3 -c -fmessage-length=0 -MT"src/gpiotest_controller.o" -mcpu=cortex-a9 -mfpu=vfpv3 -mfloat-abi=hard -I../../standalone_bsp_0/ps7_cortexa9_0/include -MMD -MP -MF"src/gpiotest_controller.d" -MT"src/gpiotest_controller.o" -o "src/gpiotest_controller.o" "../src/gpiotest_controller.c"
../src/gpiotest_controller.c: In function 'xgpiotest_init':
../src/gpiotest_controller.c:18:42: error: 'channel' undeclared (first use in this function)
  u32 readMask = XGpio_DiscreteRead(&GPIO,channel+1);
                                          ^~~~~~~
../src/gpiotest_controller.c:18:42: note: each undeclared identifier is reported only once for each function it appears in
../src/gpiotest_controller.c:18:6: warning: unused variable 'readMask' [-Wunused-variable]
  u32 readMask = XGpio_DiscreteRead(&GPIO,channel+1);
      ^~~~~~~~
make: *** [src/subdir.mk:38: src/gpiotest_controller.o] Error 1
18:03:50 **** Auto Build of configuration Debug for project hello ****
make pre-build main-build 
a9-linaro-pre-build-step
' '
'Building file: ../src/gpiotest_controller.c'
'Invoking: ARM v7 gcc compiler'
arm-none-eabi-gcc -Wall -O0 -g3 -c -fmessage-length=0 -MT"src/gpiotest_controller.o" -mcpu=cortex-a9 -mfpu=vfpv3 -mfloat-abi=hard -I../../standalone_bsp_0/ps7_cortexa9_0/include -MMD -MP -MF"src/gpiotest_controller.d" -MT"src/gpiotest_controller.o" -o "src/gpiotest_controller.o" "../src/gpiotest_controller.c"
../src/gpiotest_controller.c: In function 'xgpiotest_init':
../src/gpiotest_controller.c:17:42: error: 'channel' undeclared (first use in this function)
  u32 readMask = XGpio_DiscreteRead(&GPIO,channel+1);
                                          ^~~~~~~
../src/gpiotest_controller.c:17:42: note: each undeclared identifier is reported only once for each function it appears in
../src/gpiotest_controller.c:17:6: warning: unused variable 'readMask' [-Wunused-variable]
  u32 readMask = XGpio_DiscreteRead(&GPIO,channel+1);
      ^~~~~~~~
make: *** [src/subdir.mk:38: src/gpiotest_controller.o] Error 1
18:04:02 **** Auto Build of configuration Debug for project hello ****
make pre-build main-build 
a9-linaro-pre-build-step
' '
'Building file: ../src/gpiotest_controller.c'
'Invoking: ARM v7 gcc compiler'
arm-none-eabi-gcc -Wall -O0 -g3 -c -fmessage-length=0 -MT"src/gpiotest_controller.o" -mcpu=cortex-a9 -mfpu=vfpv3 -mfloat-abi=hard -I../../standalone_bsp_0/ps7_cortexa9_0/include -MMD -MP -MF"src/gpiotest_controller.d" -MT"src/gpiotest_controller.o" -o "src/gpiotest_controller.o" "../src/gpiotest_controller.c"
../src/gpiotest_controller.c: In function 'xgpiotest_init':
../src/gpiotest_controller.c:17:6: warning: unused variable 'readMask' [-Wunused-variable]
  u32 readMask = XGpio_DiscreteRead(&GPIO,1);
      ^~~~~~~~
'Finished building: ../src/gpiotest_controller.c'
' '
'Building target: hello.elf'
'Invoking: ARM v7 gcc linker'
arm-none-eabi-gcc -mcpu=cortex-a9 -mfpu=vfpv3 -mfloat-abi=hard -Wl,-build-id=none -specs=Xilinx.spec -Wl,-T -Wl,../src/lscript.ld -L../../standalone_bsp_0/ps7_cortexa9_0/lib -o "hello.elf"  ./src/gpiotest_controller.o ./src/main.o ./src/memtest_controller.o ./src/menu_controller.o ./src/platform.o ./src/uart_controller.o   -Wl,--start-group,-lxil,-lgcc,-lc,--end-group
'Finished building target: hello.elf'
' '
'Invoking: ARM v7 Print Size'
arm-none-eabi-size hello.elf  |tee "hello.elf.size"
   text	   data	    bss	    dec	    hex	filename
  61364	   2632	  23436	  87432	  15588	hello.elf
'Finished building: hello.elf.size'
' '
18:04:31 **** Auto Build of configuration Debug for project hello ****
make pre-build main-build 
a9-linaro-pre-build-step
' '
'Building file: ../src/gpiotest_controller.c'
'Invoking: ARM v7 gcc compiler'
arm-none-eabi-gcc -Wall -O0 -g3 -c -fmessage-length=0 -MT"src/gpiotest_controller.o" -mcpu=cortex-a9 -mfpu=vfpv3 -mfloat-abi=hard -I../../standalone_bsp_0/ps7_cortexa9_0/include -MMD -MP -MF"src/gpiotest_controller.d" -MT"src/gpiotest_controller.o" -o "src/gpiotest_controller.o" "../src/gpiotest_controller.c"
'Finished building: ../src/gpiotest_controller.c'
' '
'Building target: hello.elf'
'Invoking: ARM v7 gcc linker'
arm-none-eabi-gcc -mcpu=cortex-a9 -mfpu=vfpv3 -mfloat-abi=hard -Wl,-build-id=none -specs=Xilinx.spec -Wl,-T -Wl,../src/lscript.ld -L../../standalone_bsp_0/ps7_cortexa9_0/lib -o "hello.elf"  ./src/gpiotest_controller.o ./src/main.o ./src/memtest_controller.o ./src/menu_controller.o ./src/platform.o ./src/uart_controller.o   -Wl,--start-group,-lxil,-lgcc,-lc,--end-group
'Finished building target: hello.elf'
' '
'Invoking: ARM v7 Print Size'
arm-none-eabi-size hello.elf  |tee "hello.elf.size"
   text	   data	    bss	    dec	    hex	filename
  61364	   2632	  23436	  87432	  15588	hello.elf
'Finished building: hello.elf.size'
' '
18:04:36 **** Incremental Build of configuration Debug for project hello ****
make pre-build main-build 
a9-linaro-pre-build-step
' '
make: Nothing to be done for 'main-build'.
18:08:56 **** Incremental Build of configuration Debug for project hello ****
make pre-build main-build 
a9-linaro-pre-build-step
' '
make: Nothing to be done for 'main-build'.
18:14:58 **** Incremental Build of configuration Debug for project hello ****
make pre-build main-build 
a9-linaro-pre-build-step
' '
make: Nothing to be done for 'main-build'.
18:21:18 **** Auto Build of configuration Debug for project hello ****
make pre-build main-build 
a9-linaro-pre-build-step
' '
'Building file: ../src/gpiotest_controller.c'
'Invoking: ARM v7 gcc compiler'
arm-none-eabi-gcc -Wall -O0 -g3 -c -fmessage-length=0 -MT"src/gpiotest_controller.o" -mcpu=cortex-a9 -mfpu=vfpv3 -mfloat-abi=hard -I../../standalone_bsp_0/ps7_cortexa9_0/include -MMD -MP -MF"src/gpiotest_controller.d" -MT"src/gpiotest_controller.o" -o "src/gpiotest_controller.o" "../src/gpiotest_controller.c"
'Finished building: ../src/gpiotest_controller.c'
' '
'Building target: hello.elf'
'Invoking: ARM v7 gcc linker'
arm-none-eabi-gcc -mcpu=cortex-a9 -mfpu=vfpv3 -mfloat-abi=hard -Wl,-build-id=none -specs=Xilinx.spec -Wl,-T -Wl,../src/lscript.ld -L../../standalone_bsp_0/ps7_cortexa9_0/lib -o "hello.elf"  ./src/gpiotest_controller.o ./src/main.o ./src/memtest_controller.o ./src/menu_controller.o ./src/platform.o ./src/uart_controller.o   -Wl,--start-group,-lxil,-lgcc,-lc,--end-group
'Finished building target: hello.elf'
' '
'Invoking: ARM v7 Print Size'
arm-none-eabi-size hello.elf  |tee "hello.elf.size"
   text	   data	    bss	    dec	    hex	filename
  61436	   2632	  23436	  87504	  155d0	hello.elf
'Finished building: hello.elf.size'
' '
18:21:39 **** Incremental Build of configuration Debug for project hello ****
make pre-build main-build 
a9-linaro-pre-build-step
' '
make: Nothing to be done for 'main-build'.
18:21:43 **** Auto Build of configuration Debug for project hello ****
make pre-build main-build 
a9-linaro-pre-build-step
' '
'Building file: ../src/main.c'
'Invoking: ARM v7 gcc compiler'
arm-none-eabi-gcc -Wall -O0 -g3 -c -fmessage-length=0 -MT"src/main.o" -mcpu=cortex-a9 -mfpu=vfpv3 -mfloat-abi=hard -I../../standalone_bsp_0/ps7_cortexa9_0/include -MMD -MP -MF"src/main.d" -MT"src/main.o" -o "src/main.o" "../src/main.c"
'Finished building: ../src/main.c'
' '
'Building target: hello.elf'
'Invoking: ARM v7 gcc linker'
arm-none-eabi-gcc -mcpu=cortex-a9 -mfpu=vfpv3 -mfloat-abi=hard -Wl,-build-id=none -specs=Xilinx.spec -Wl,-T -Wl,../src/lscript.ld -L../../standalone_bsp_0/ps7_cortexa9_0/lib -o "hello.elf"  ./src/gpiotest_controller.o ./src/main.o ./src/memtest_controller.o ./src/menu_controller.o ./src/platform.o ./src/uart_controller.o   -Wl,--start-group,-lxil,-lgcc,-lc,--end-group
'Finished building target: hello.elf'
' '
'Invoking: ARM v7 Print Size'
arm-none-eabi-size hello.elf  |tee "hello.elf.size"
   text	   data	    bss	    dec	    hex	filename
  61436	   2632	  23436	  87504	  155d0	hello.elf
'Finished building: hello.elf.size'
' '
18:21:55 **** Incremental Build of configuration Debug for project hello ****
make pre-build main-build 
a9-linaro-pre-build-step
' '
make: Nothing to be done for 'main-build'.
18:22:32 **** Auto Build of configuration Debug for project hello ****
make pre-build main-build 
a9-linaro-pre-build-step
' '
'Building file: ../src/gpiotest_controller.c'
'Invoking: ARM v7 gcc compiler'
arm-none-eabi-gcc -Wall -O0 -g3 -c -fmessage-length=0 -MT"src/gpiotest_controller.o" -mcpu=cortex-a9 -mfpu=vfpv3 -mfloat-abi=hard -I../../standalone_bsp_0/ps7_cortexa9_0/include -MMD -MP -MF"src/gpiotest_controller.d" -MT"src/gpiotest_controller.o" -o "src/gpiotest_controller.o" "../src/gpiotest_controller.c"
'Finished building: ../src/gpiotest_controller.c'
' '
'Building target: hello.elf'
'Invoking: ARM v7 gcc linker'
arm-none-eabi-gcc -mcpu=cortex-a9 -mfpu=vfpv3 -mfloat-abi=hard -Wl,-build-id=none -specs=Xilinx.spec -Wl,-T -Wl,../src/lscript.ld -L../../standalone_bsp_0/ps7_cortexa9_0/lib -o "hello.elf"  ./src/gpiotest_controller.o ./src/main.o ./src/memtest_controller.o ./src/menu_controller.o ./src/platform.o ./src/uart_controller.o   -Wl,--start-group,-lxil,-lgcc,-lc,--end-group
'Finished building target: hello.elf'
' '
'Invoking: ARM v7 Print Size'
arm-none-eabi-size hello.elf  |tee "hello.elf.size"
   text	   data	    bss	    dec	    hex	filename
  61436	   2632	  23436	  87504	  155d0	hello.elf
'Finished building: hello.elf.size'
' '
18:22:39 **** Incremental Build of configuration Debug for project hello ****
make pre-build main-build 
a9-linaro-pre-build-step
' '
make: Nothing to be done for 'main-build'.
18:23:26 **** Incremental Build of configuration Debug for project hello ****
make pre-build main-build 
a9-linaro-pre-build-step
' '
make: Nothing to be done for 'main-build'.
12:09:20 **** Build of project standalone_bsp_0 ****
make -k all 
"Running Make include in ps7_cortexa9_0/libsrc/coresightps_dcc_v1_5/src"
make -C ps7_cortexa9_0/libsrc/coresightps_dcc_v1_5/src -s include  "SHELL=CMD" "COMPILER=arm-none-eabi-gcc" "ARCHIVER=arm-none-eabi-ar" "COMPILER_FLAGS=  -O2 -c" "EXTRA_COMPILER_FLAGS=-mcpu=cortex-a9 -mfpu=vfpv3 -mfloat-abi=hard -nostartfiles -g -Wall -Wextra"
"Running Make include in ps7_cortexa9_0/libsrc/cpu_cortexa9_v2_7/src"
make -C ps7_cortexa9_0/libsrc/cpu_cortexa9_v2_7/src -s include  "SHELL=CMD" "COMPILER=arm-none-eabi-gcc" "ARCHIVER=arm-none-eabi-ar" "COMPILER_FLAGS=  -O2 -c" "EXTRA_COMPILER_FLAGS=-mcpu=cortex-a9 -mfpu=vfpv3 -mfloat-abi=hard -nostartfiles -g -Wall -Wextra"
"Running Make include in ps7_cortexa9_0/libsrc/ddrps_v1_0/src"
make -C ps7_cortexa9_0/libsrc/ddrps_v1_0/src -s include  "SHELL=CMD" "COMPILER=arm-none-eabi-gcc" "ARCHIVER=arm-none-eabi-ar" "COMPILER_FLAGS=  -O2 -c" "EXTRA_COMPILER_FLAGS=-mcpu=cortex-a9 -mfpu=vfpv3 -mfloat-abi=hard -nostartfiles -g -Wall -Wextra"
"Running Make include in ps7_cortexa9_0/libsrc/devcfg_v3_5/src"
make -C ps7_cortexa9_0/libsrc/devcfg_v3_5/src -s include  "SHELL=CMD" "COMPILER=arm-none-eabi-gcc" "ARCHIVER=arm-none-eabi-ar" "COMPILER_FLAGS=  -O2 -c" "EXTRA_COMPILER_FLAGS=-mcpu=cortex-a9 -mfpu=vfpv3 -mfloat-abi=hard -nostartfiles -g -Wall -Wextra"
"Running Make include in ps7_cortexa9_0/libsrc/dmaps_v2_4/src"
make -C ps7_cortexa9_0/libsrc/dmaps_v2_4/src -s include  "SHELL=CMD" "COMPILER=arm-none-eabi-gcc" "ARCHIVER=arm-none-eabi-ar" "COMPILER_FLAGS=  -O2 -c" "EXTRA_COMPILER_FLAGS=-mcpu=cortex-a9 -mfpu=vfpv3 -mfloat-abi=hard -nostartfiles -g -Wall -Wextra"
"Running Make include in ps7_cortexa9_0/libsrc/gpiops_v3_5/src"
make -C ps7_cortexa9_0/libsrc/gpiops_v3_5/src -s include  "SHELL=CMD" "COMPILER=arm-none-eabi-gcc" "ARCHIVER=arm-none-eabi-ar" "COMPILER_FLAGS=  -O2 -c" "EXTRA_COMPILER_FLAGS=-mcpu=cortex-a9 -mfpu=vfpv3 -mfloat-abi=hard -nostartfiles -g -Wall -Wextra"
"Running Make include in ps7_cortexa9_0/libsrc/gpio_v4_4/src"
make -C ps7_cortexa9_0/libsrc/gpio_v4_4/src -s include  "SHELL=CMD" "COMPILER=arm-none-eabi-gcc" "ARCHIVER=arm-none-eabi-ar" "COMPILER_FLAGS=  -O2 -c" "EXTRA_COMPILER_FLAGS=-mcpu=cortex-a9 -mfpu=vfpv3 -mfloat-abi=hard -nostartfiles -g -Wall -Wextra"
"Running Make include in ps7_cortexa9_0/libsrc/scugic_v4_0/src"
make -C ps7_cortexa9_0/libsrc/scugic_v4_0/src -s include  "SHELL=CMD" "COMPILER=arm-none-eabi-gcc" "ARCHIVER=arm-none-eabi-ar" "COMPILER_FLAGS=  -O2 -c" "EXTRA_COMPILER_FLAGS=-mcpu=cortex-a9 -mfpu=vfpv3 -mfloat-abi=hard -nostartfiles -g -Wall -Wextra"
"Running Make include in ps7_cortexa9_0/libsrc/scutimer_v2_1/src"
make -C ps7_cortexa9_0/libsrc/scutimer_v2_1/src -s include  "SHELL=CMD" "COMPILER=arm-none-eabi-gcc" "ARCHIVER=arm-none-eabi-ar" "COMPILER_FLAGS=  -O2 -c" "EXTRA_COMPILER_FLAGS=-mcpu=cortex-a9 -mfpu=vfpv3 -mfloat-abi=hard -nostartfiles -g -Wall -Wextra"
"Running Make include in ps7_cortexa9_0/libsrc/scuwdt_v2_1/src"
make -C ps7_cortexa9_0/libsrc/scuwdt_v2_1/src -s include  "SHELL=CMD" "COMPILER=arm-none-eabi-gcc" "ARCHIVER=arm-none-eabi-ar" "COMPILER_FLAGS=  -O2 -c" "EXTRA_COMPILER_FLAGS=-mcpu=cortex-a9 -mfpu=vfpv3 -mfloat-abi=hard -nostartfiles -g -Wall -Wextra"
"Running Make include in ps7_cortexa9_0/libsrc/standalone_v7_0/src"
make -C ps7_cortexa9_0/libsrc/standalone_v7_0/src -s include  "SHELL=CMD" "COMPILER=arm-none-eabi-gcc" "ARCHIVER=arm-none-eabi-ar" "COMPILER_FLAGS=  -O2 -c" "EXTRA_COMPILER_FLAGS=-mcpu=cortex-a9 -mfpu=vfpv3 -mfloat-abi=hard -nostartfiles -g -Wall -Wextra"
"Running Make include in ps7_cortexa9_0/libsrc/uartlite_v3_2/src"
make -C ps7_cortexa9_0/libsrc/uartlite_v3_2/src -s include  "SHELL=CMD" "COMPILER=arm-none-eabi-gcc" "ARCHIVER=arm-none-eabi-ar" "COMPILER_FLAGS=  -O2 -c" "EXTRA_COMPILER_FLAGS=-mcpu=cortex-a9 -mfpu=vfpv3 -mfloat-abi=hard -nostartfiles -g -Wall -Wextra"
"Running Make include in ps7_cortexa9_0/libsrc/xadcps_v2_3/src"
make -C ps7_cortexa9_0/libsrc/xadcps_v2_3/src -s include  "SHELL=CMD" "COMPILER=arm-none-eabi-gcc" "ARCHIVER=arm-none-eabi-ar" "COMPILER_FLAGS=  -O2 -c" "EXTRA_COMPILER_FLAGS=-mcpu=cortex-a9 -mfpu=vfpv3 -mfloat-abi=hard -nostartfiles -g -Wall -Wextra"
"Running Make libs in ps7_cortexa9_0/libsrc/coresightps_dcc_v1_5/src"
make -C ps7_cortexa9_0/libsrc/coresightps_dcc_v1_5/src -s libs  "SHELL=CMD" "COMPILER=arm-none-eabi-gcc" "ARCHIVER=arm-none-eabi-ar" "COMPILER_FLAGS=  -O2 -c" "EXTRA_COMPILER_FLAGS=-mcpu=cortex-a9 -mfpu=vfpv3 -mfloat-abi=hard -nostartfiles -g -Wall -Wextra"
"Compiling coresightps_dcc"
"Running Make libs in ps7_cortexa9_0/libsrc/cpu_cortexa9_v2_7/src"
make -C ps7_cortexa9_0/libsrc/cpu_cortexa9_v2_7/src -s libs  "SHELL=CMD" "COMPILER=arm-none-eabi-gcc" "ARCHIVER=arm-none-eabi-ar" "COMPILER_FLAGS=  -O2 -c" "EXTRA_COMPILER_FLAGS=-mcpu=cortex-a9 -mfpu=vfpv3 -mfloat-abi=hard -nostartfiles -g -Wall -Wextra"
"Compiling cpu_cortexa9"
"Running Make libs in ps7_cortexa9_0/libsrc/ddrps_v1_0/src"
make -C ps7_cortexa9_0/libsrc/ddrps_v1_0/src -s libs  "SHELL=CMD" "COMPILER=arm-none-eabi-gcc" "ARCHIVER=arm-none-eabi-ar" "COMPILER_FLAGS=  -O2 -c" "EXTRA_COMPILER_FLAGS=-mcpu=cortex-a9 -mfpu=vfpv3 -mfloat-abi=hard -nostartfiles -g -Wall -Wextra"
"Compiling ddrps"
"Running Make libs in ps7_cortexa9_0/libsrc/devcfg_v3_5/src"
make -C ps7_cortexa9_0/libsrc/devcfg_v3_5/src -s libs  "SHELL=CMD" "COMPILER=arm-none-eabi-gcc" "ARCHIVER=arm-none-eabi-ar" "COMPILER_FLAGS=  -O2 -c" "EXTRA_COMPILER_FLAGS=-mcpu=cortex-a9 -mfpu=vfpv3 -mfloat-abi=hard -nostartfiles -g -Wall -Wextra"
"Compiling devcfg"
"Running Make libs in ps7_cortexa9_0/libsrc/dmaps_v2_4/src"
make -C ps7_cortexa9_0/libsrc/dmaps_v2_4/src -s libs  "SHELL=CMD" "COMPILER=arm-none-eabi-gcc" "ARCHIVER=arm-none-eabi-ar" "COMPILER_FLAGS=  -O2 -c" "EXTRA_COMPILER_FLAGS=-mcpu=cortex-a9 -mfpu=vfpv3 -mfloat-abi=hard -nostartfiles -g -Wall -Wextra"
"Compiling dmaps"
"Running Make libs in ps7_cortexa9_0/libsrc/gpiops_v3_5/src"
make -C ps7_cortexa9_0/libsrc/gpiops_v3_5/src -s libs  "SHELL=CMD" "COMPILER=arm-none-eabi-gcc" "ARCHIVER=arm-none-eabi-ar" "COMPILER_FLAGS=  -O2 -c" "EXTRA_COMPILER_FLAGS=-mcpu=cortex-a9 -mfpu=vfpv3 -mfloat-abi=hard -nostartfiles -g -Wall -Wextra"
"Compiling gpiops"
"Running Make libs in ps7_cortexa9_0/libsrc/gpio_v4_4/src"
make -C ps7_cortexa9_0/libsrc/gpio_v4_4/src -s libs  "SHELL=CMD" "COMPILER=arm-none-eabi-gcc" "ARCHIVER=arm-none-eabi-ar" "COMPILER_FLAGS=  -O2 -c" "EXTRA_COMPILER_FLAGS=-mcpu=cortex-a9 -mfpu=vfpv3 -mfloat-abi=hard -nostartfiles -g -Wall -Wextra"
"Compiling gpio"
"Running Make libs in ps7_cortexa9_0/libsrc/scugic_v4_0/src"
make -C ps7_cortexa9_0/libsrc/scugic_v4_0/src -s libs  "SHELL=CMD" "COMPILER=arm-none-eabi-gcc" "ARCHIVER=arm-none-eabi-ar" "COMPILER_FLAGS=  -O2 -c" "EXTRA_COMPILER_FLAGS=-mcpu=cortex-a9 -mfpu=vfpv3 -mfloat-abi=hard -nostartfiles -g -Wall -Wextra"
"Compiling scugic"
"Running Make libs in ps7_cortexa9_0/libsrc/scutimer_v2_1/src"
make -C ps7_cortexa9_0/libsrc/scutimer_v2_1/src -s libs  "SHELL=CMD" "COMPILER=arm-none-eabi-gcc" "ARCHIVER=arm-none-eabi-ar" "COMPILER_FLAGS=  -O2 -c" "EXTRA_COMPILER_FLAGS=-mcpu=cortex-a9 -mfpu=vfpv3 -mfloat-abi=hard -nostartfiles -g -Wall -Wextra"
"Compiling scutimer"
"Running Make libs in ps7_cortexa9_0/libsrc/scuwdt_v2_1/src"
make -C ps7_cortexa9_0/libsrc/scuwdt_v2_1/src -s libs  "SHELL=CMD" "COMPILER=arm-none-eabi-gcc" "ARCHIVER=arm-none-eabi-ar" "COMPILER_FLAGS=  -O2 -c" "EXTRA_COMPILER_FLAGS=-mcpu=cortex-a9 -mfpu=vfpv3 -mfloat-abi=hard -nostartfiles -g -Wall -Wextra"
"Compiling scuwdt"
"Running Make libs in ps7_cortexa9_0/libsrc/standalone_v7_0/src"
make -C ps7_cortexa9_0/libsrc/standalone_v7_0/src -s libs  "SHELL=CMD" "COMPILER=arm-none-eabi-gcc" "ARCHIVER=arm-none-eabi-ar" "COMPILER_FLAGS=  -O2 -c" "EXTRA_COMPILER_FLAGS=-mcpu=cortex-a9 -mfpu=vfpv3 -mfloat-abi=hard -nostartfiles -g -Wall -Wextra"
"Compiling standalone"
In file included from usleep.c:56:
xtime_l.h:87:9: note: #pragma message: For the sleep routines, Global timer is being used
 #pragma message ("For the sleep routines, Global timer is being used")
         ^~~~~~~
In file included from sleep.c:53:
xtime_l.h:87:9: note: #pragma message: For the sleep routines, Global timer is being used
 #pragma message ("For the sleep routines, Global timer is being used")
         ^~~~~~~
In file included from xil_sleeptimer.c:51:
xtime_l.h:87:9: note: #pragma message: For the sleep routines, Global timer is being used
 #pragma message ("For the sleep routines, Global timer is being used")
         ^~~~~~~
In file included from xtime_l.c:49:
xtime_l.h:87:9: note: #pragma message: For the sleep routines, Global timer is being used
 #pragma message ("For the sleep routines, Global timer is being used")
         ^~~~~~~
"Running Make libs in ps7_cortexa9_0/libsrc/uartlite_v3_2/src"
make -C ps7_cortexa9_0/libsrc/uartlite_v3_2/src -s libs  "SHELL=CMD" "COMPILER=arm-none-eabi-gcc" "ARCHIVER=arm-none-eabi-ar" "COMPILER_FLAGS=  -O2 -c" "EXTRA_COMPILER_FLAGS=-mcpu=cortex-a9 -mfpu=vfpv3 -mfloat-abi=hard -nostartfiles -g -Wall -Wextra"
"Compiling uartlite"
"Running Make libs in ps7_cortexa9_0/libsrc/xadcps_v2_3/src"
make -C ps7_cortexa9_0/libsrc/xadcps_v2_3/src -s libs  "SHELL=CMD" "COMPILER=arm-none-eabi-gcc" "ARCHIVER=arm-none-eabi-ar" "COMPILER_FLAGS=  -O2 -c" "EXTRA_COMPILER_FLAGS=-mcpu=cortex-a9 -mfpu=vfpv3 -mfloat-abi=hard -nostartfiles -g -Wall -Wextra"
"Compiling xadcps"
'Finished building libraries'
12:10:16 **** Build of configuration Debug for project hello ****
make pre-build main-build 
a9-linaro-pre-build-step
' '
'Building file: ../src/gpiotest_controller.c'
'Invoking: ARM v7 gcc compiler'
arm-none-eabi-gcc -Wall -O0 -g3 -c -fmessage-length=0 -MT"src/gpiotest_controller.o" -mcpu=cortex-a9 -mfpu=vfpv3 -mfloat-abi=hard -I../../standalone_bsp_0/ps7_cortexa9_0/include -MMD -MP -MF"src/gpiotest_controller.d" -MT"src/gpiotest_controller.o" -o "src/gpiotest_controller.o" "../src/gpiotest_controller.c"
../src/gpiotest_controller.c: In function 'xgpiotest_quickTest':
../src/gpiotest_controller.c:124:30: error: invalid operands to binary << (have 'long unsigned int' and 'const unsigned char *')
    writeClearMask |= ( (1UL) << XGPIO_OUTPUT_PAIRS[pairIndex] );
                              ^~
../src/gpiotest_controller.c: In function 'xgpiotest_longTest':
../src/gpiotest_controller.c:160:6: warning: suggest parentheses around assignment used as truth value [-Wparentheses]
   if(holdValue = 0x1)
      ^~~~~~~~~
../src/gpiotest_controller.c:165:5: error: 'newWriteMask' undeclared (first use in this function)
     newWriteMask =  ( (1UL) << XGPIO_OUTPUT_PAIRS[channel][pairIndex] );
     ^~~~~~~~~~~~
../src/gpiotest_controller.c:165:5: note: each undeclared identifier is reported only once for each function it appears in
../src/gpiotest_controller.c:166:5: error: 'newReadMask' undeclared (first use in this function)
     newReadMask =  ( (1UL) << XGPIO_INPUT_PAIRS[channel][pairIndex] );
     ^~~~~~~~~~~
make: *** [src/subdir.mk:38: src/gpiotest_controller.o] Error 1
12:11:25 **** Auto Build of configuration Debug for project hello ****
make pre-build main-build 
a9-linaro-pre-build-step
' '
'Building file: ../src/gpiotest_controller.c'
'Invoking: ARM v7 gcc compiler'
arm-none-eabi-gcc -Wall -O0 -g3 -c -fmessage-length=0 -MT"src/gpiotest_controller.o" -mcpu=cortex-a9 -mfpu=vfpv3 -mfloat-abi=hard -I../../standalone_bsp_0/ps7_cortexa9_0/include -MMD -MP -MF"src/gpiotest_controller.d" -MT"src/gpiotest_controller.o" -o "src/gpiotest_controller.o" "../src/gpiotest_controller.c"
../src/gpiotest_controller.c: In function 'xgpiotest_longTest':
../src/gpiotest_controller.c:160:6: warning: suggest parentheses around assignment used as truth value [-Wparentheses]
   if(holdValue = 0x1)
      ^~~~~~~~~
../src/gpiotest_controller.c:165:5: error: 'newWriteMask' undeclared (first use in this function)
     newWriteMask =  ( (1UL) << XGPIO_OUTPUT_PAIRS[channel][pairIndex] );
     ^~~~~~~~~~~~
../src/gpiotest_controller.c:165:5: note: each undeclared identifier is reported only once for each function it appears in
../src/gpiotest_controller.c:166:5: error: 'newReadMask' undeclared (first use in this function)
     newReadMask =  ( (1UL) << XGPIO_INPUT_PAIRS[channel][pairIndex] );
     ^~~~~~~~~~~
make: *** [src/subdir.mk:38: src/gpiotest_controller.o] Error 1
12:11:36 **** Auto Build of configuration Debug for project hello ****
make pre-build main-build 
a9-linaro-pre-build-step
' '
'Building file: ../src/gpiotest_controller.c'
'Invoking: ARM v7 gcc compiler'
arm-none-eabi-gcc -Wall -O0 -g3 -c -fmessage-length=0 -MT"src/gpiotest_controller.o" -mcpu=cortex-a9 -mfpu=vfpv3 -mfloat-abi=hard -I../../standalone_bsp_0/ps7_cortexa9_0/include -MMD -MP -MF"src/gpiotest_controller.d" -MT"src/gpiotest_controller.o" -o "src/gpiotest_controller.o" "../src/gpiotest_controller.c"
../src/gpiotest_controller.c: In function 'xgpiotest_longTest':
../src/gpiotest_controller.c:165:5: error: 'newWriteMask' undeclared (first use in this function)
     newWriteMask =  ( (1UL) << XGPIO_OUTPUT_PAIRS[channel][pairIndex] );
     ^~~~~~~~~~~~
../src/gpiotest_controller.c:165:5: note: each undeclared identifier is reported only once for each function it appears in
../src/gpiotest_controller.c:166:5: error: 'newReadMask' undeclared (first use in this function)
     newReadMask =  ( (1UL) << XGPIO_INPUT_PAIRS[channel][pairIndex] );
     ^~~~~~~~~~~
make: *** [src/subdir.mk:38: src/gpiotest_controller.o] Error 1
12:12:06 **** Auto Build of configuration Debug for project hello ****
make pre-build main-build 
a9-linaro-pre-build-step
' '
'Building file: ../src/gpiotest_controller.c'
'Invoking: ARM v7 gcc compiler'
arm-none-eabi-gcc -Wall -O0 -g3 -c -fmessage-length=0 -MT"src/gpiotest_controller.o" -mcpu=cortex-a9 -mfpu=vfpv3 -mfloat-abi=hard -I../../standalone_bsp_0/ps7_cortexa9_0/include -MMD -MP -MF"src/gpiotest_controller.d" -MT"src/gpiotest_controller.o" -o "src/gpiotest_controller.o" "../src/gpiotest_controller.c"
../src/gpiotest_controller.c: In function 'xgpiotest_longTest':
../src/gpiotest_controller.c:165:5: error: 'newWriteMask' undeclared (first use in this function)
     newWriteMask =  ( (1UL) << XGPIO_OUTPUT_PAIRS[channel][pairIndex] );
     ^~~~~~~~~~~~
../src/gpiotest_controller.c:165:5: note: each undeclared identifier is reported only once for each function it appears in
../src/gpiotest_controller.c:166:5: error: 'newReadMask' undeclared (first use in this function)
     newReadMask =  ( (1UL) << XGPIO_INPUT_PAIRS[channel][pairIndex] );
     ^~~~~~~~~~~
make: *** [src/subdir.mk:38: src/gpiotest_controller.o] Error 1
12:12:10 **** Auto Build of configuration Debug for project hello ****
make pre-build main-build 
a9-linaro-pre-build-step
' '
'Building file: ../src/gpiotest_controller.c'
'Invoking: ARM v7 gcc compiler'
arm-none-eabi-gcc -Wall -O0 -g3 -c -fmessage-length=0 -MT"src/gpiotest_controller.o" -mcpu=cortex-a9 -mfpu=vfpv3 -mfloat-abi=hard -I../../standalone_bsp_0/ps7_cortexa9_0/include -MMD -MP -MF"src/gpiotest_controller.d" -MT"src/gpiotest_controller.o" -o "src/gpiotest_controller.o" "../src/gpiotest_controller.c"
../src/gpiotest_controller.c: In function 'xgpiotest_longTest':
../src/gpiotest_controller.c:165:5: error: 'newWriteMask' undeclared (first use in this function)
     newWriteMask =  ( (1UL) << XGPIO_OUTPUT_PAIRS[channel][pairIndex] );
     ^~~~~~~~~~~~
../src/gpiotest_controller.c:165:5: note: each undeclared identifier is reported only once for each function it appears in
../src/gpiotest_controller.c:166:5: error: 'newReadMask' undeclared (first use in this function)
     newReadMask =  ( (1UL) << XGPIO_INPUT_PAIRS[channel][pairIndex] );
     ^~~~~~~~~~~
make: *** [src/subdir.mk:38: src/gpiotest_controller.o] Error 1
12:12:19 **** Auto Build of configuration Debug for project hello ****
make pre-build main-build 
a9-linaro-pre-build-step
' '
'Building file: ../src/gpiotest_controller.c'
'Invoking: ARM v7 gcc compiler'
arm-none-eabi-gcc -Wall -O0 -g3 -c -fmessage-length=0 -MT"src/gpiotest_controller.o" -mcpu=cortex-a9 -mfpu=vfpv3 -mfloat-abi=hard -I../../standalone_bsp_0/ps7_cortexa9_0/include -MMD -MP -MF"src/gpiotest_controller.d" -MT"src/gpiotest_controller.o" -o "src/gpiotest_controller.o" "../src/gpiotest_controller.c"
../src/gpiotest_controller.c: In function 'xgpiotest_longTest':
../src/gpiotest_controller.c:183:5: error: 'newWriteMask' undeclared (first use in this function)
     newWriteMask =  ( (1UL) << XGPIO_OUTPUT_PAIRS[channel][pairIndex] );
     ^~~~~~~~~~~~
../src/gpiotest_controller.c:183:5: note: each undeclared identifier is reported only once for each function it appears in
../src/gpiotest_controller.c:184:5: error: 'newReadMask' undeclared (first use in this function)
     newReadMask =  ( (1UL) << XGPIO_INPUT_PAIRS[channel][pairIndex] );
     ^~~~~~~~~~~
make: *** [src/subdir.mk:38: src/gpiotest_controller.o] Error 1
12:12:27 **** Auto Build of configuration Debug for project hello ****
make pre-build main-build 
a9-linaro-pre-build-step
' '
'Building file: ../src/gpiotest_controller.c'
'Invoking: ARM v7 gcc compiler'
arm-none-eabi-gcc -Wall -O0 -g3 -c -fmessage-length=0 -MT"src/gpiotest_controller.o" -mcpu=cortex-a9 -mfpu=vfpv3 -mfloat-abi=hard -I../../standalone_bsp_0/ps7_cortexa9_0/include -MMD -MP -MF"src/gpiotest_controller.d" -MT"src/gpiotest_controller.o" -o "src/gpiotest_controller.o" "../src/gpiotest_controller.c"
'Finished building: ../src/gpiotest_controller.c'
' '
'Building file: ../src/main.c'
'Invoking: ARM v7 gcc compiler'
arm-none-eabi-gcc -Wall -O0 -g3 -c -fmessage-length=0 -MT"src/main.o" -mcpu=cortex-a9 -mfpu=vfpv3 -mfloat-abi=hard -I../../standalone_bsp_0/ps7_cortexa9_0/include -MMD -MP -MF"src/main.d" -MT"src/main.o" -o "src/main.o" "../src/main.c"
'Finished building: ../src/main.c'
' '
'Building file: ../src/memtest_controller.c'
'Invoking: ARM v7 gcc compiler'
arm-none-eabi-gcc -Wall -O0 -g3 -c -fmessage-length=0 -MT"src/memtest_controller.o" -mcpu=cortex-a9 -mfpu=vfpv3 -mfloat-abi=hard -I../../standalone_bsp_0/ps7_cortexa9_0/include -MMD -MP -MF"src/memtest_controller.d" -MT"src/memtest_controller.o" -o "src/memtest_controller.o" "../src/memtest_controller.c"
'Finished building: ../src/memtest_controller.c'
' '
'Building file: ../src/menu_controller.c'
'Invoking: ARM v7 gcc compiler'
arm-none-eabi-gcc -Wall -O0 -g3 -c -fmessage-length=0 -MT"src/menu_controller.o" -mcpu=cortex-a9 -mfpu=vfpv3 -mfloat-abi=hard -I../../standalone_bsp_0/ps7_cortexa9_0/include -MMD -MP -MF"src/menu_controller.d" -MT"src/menu_controller.o" -o "src/menu_controller.o" "../src/menu_controller.c"
'Finished building: ../src/menu_controller.c'
' '
'Building file: ../src/platform.c'
'Invoking: ARM v7 gcc compiler'
arm-none-eabi-gcc -Wall -O0 -g3 -c -fmessage-length=0 -MT"src/platform.o" -mcpu=cortex-a9 -mfpu=vfpv3 -mfloat-abi=hard -I../../standalone_bsp_0/ps7_cortexa9_0/include -MMD -MP -MF"src/platform.d" -MT"src/platform.o" -o "src/platform.o" "../src/platform.c"
'Finished building: ../src/platform.c'
' '
'Building file: ../src/uart_controller.c'
'Invoking: ARM v7 gcc compiler'
arm-none-eabi-gcc -Wall -O0 -g3 -c -fmessage-length=0 -MT"src/uart_controller.o" -mcpu=cortex-a9 -mfpu=vfpv3 -mfloat-abi=hard -I../../standalone_bsp_0/ps7_cortexa9_0/include -MMD -MP -MF"src/uart_controller.d" -MT"src/uart_controller.o" -o "src/uart_controller.o" "../src/uart_controller.c"
../src/uart_controller.c: In function 'uart_write':
../src/uart_controller.c:21:13: warning: pointer targets in passing argument 1 of 'xil_printf' differ in signedness [-Wpointer-sign]
  xil_printf(buffer);
             ^~~~~~
In file included from ../../standalone_bsp_0/ps7_cortexa9_0/include/xil_io.h:61,
                 from ../../standalone_bsp_0/ps7_cortexa9_0/include/xuartlite_l.h:69,
                 from ../src/uart_controller.h:6,
                 from ../src/uart_controller.c:7:
../../standalone_bsp_0/ps7_cortexa9_0/include/xil_printf.h:39:6: note: expected 'const char8 *' {aka 'const char *'} but argument is of type 'unsigned char *'
 void xil_printf( const char8 *ctrl1, ...);
      ^~~~~~~~~~
../src/uart_controller.c:22:1: warning: control reaches end of non-void function [-Wreturn-type]
 }
 ^
'Finished building: ../src/uart_controller.c'
' '
'Building target: hello.elf'
'Invoking: ARM v7 gcc linker'
arm-none-eabi-gcc -mcpu=cortex-a9 -mfpu=vfpv3 -mfloat-abi=hard -Wl,-build-id=none -specs=Xilinx.spec -Wl,-T -Wl,../src/lscript.ld -L../../standalone_bsp_0/ps7_cortexa9_0/lib -o "hello.elf"  ./src/gpiotest_controller.o ./src/main.o ./src/memtest_controller.o ./src/menu_controller.o ./src/platform.o ./src/uart_controller.o   -Wl,--start-group,-lxil,-lgcc,-lc,--end-group
'Finished building target: hello.elf'
' '
'Invoking: ARM v7 Print Size'
arm-none-eabi-size hello.elf  |tee "hello.elf.size"
   text	   data	    bss	    dec	    hex	filename
  62924	   2632	  23436	  88992	  15ba0	hello.elf
'Finished building: hello.elf.size'
' '
12:12:39 **** Incremental Build of configuration Debug for project hello ****
make pre-build main-build 
a9-linaro-pre-build-step
' '
make: Nothing to be done for 'main-build'.
