17:49:45 **** Incremental Build of configuration Debug for project hello ****
make pre-build main-build 
a9-linaro-pre-build-step
' '
make: Nothing to be done for 'main-build'.
17:49:53 **** Incremental Build of configuration Debug for project hello ****
make pre-build main-build 
a9-linaro-pre-build-step
' '
make: Nothing to be done for 'main-build'.
18:19:29 **** Auto Build of configuration Debug for project hello ****
make pre-build main-build 
a9-linaro-pre-build-step
' '
'Building file: ../src/memtest_controller.c'
'Invoking: ARM v7 gcc compiler'
arm-none-eabi-gcc -Wall -O0 -g3 -c -fmessage-length=0 -MT"src/memtest_controller.o" -mcpu=cortex-a9 -mfpu=vfpv3 -mfloat-abi=hard -I../../standalone_bsp_0/ps7_cortexa9_0/include -MMD -MP -MF"src/memtest_controller.d" -MT"src/memtest_controller.o" -o "src/memtest_controller.o" "../src/memtest_controller.c"
../src/memtest_controller.c: In function 'getNextPattern':
../src/memtest_controller.c:40:8: error: 'MTESTMODE_ONES' undeclared (first use in this function); did you mean 'MTESTMODE_ZEROES'?
   case MTESTMODE_ONES:
        ^~~~~~~~~~~~~~
        MTESTMODE_ZEROES
../src/memtest_controller.c:40:8: note: each undeclared identifier is reported only once for each function it appears in
make: *** [src/subdir.mk:35: src/memtest_controller.o] Error 1
18:19:53 **** Auto Build of configuration Debug for project hello ****
make pre-build main-build 
a9-linaro-pre-build-step
' '
'Building file: ../src/main.c'
'Invoking: ARM v7 gcc compiler'
arm-none-eabi-gcc -Wall -O0 -g3 -c -fmessage-length=0 -MT"src/main.o" -mcpu=cortex-a9 -mfpu=vfpv3 -mfloat-abi=hard -I../../standalone_bsp_0/ps7_cortexa9_0/include -MMD -MP -MF"src/main.d" -MT"src/main.o" -o "src/main.o" "../src/main.c"
'Finished building: ../src/main.c'
' '
'Building file: ../src/memtest_controller.c'
'Invoking: ARM v7 gcc compiler'
arm-none-eabi-gcc -Wall -O0 -g3 -c -fmessage-length=0 -MT"src/memtest_controller.o" -mcpu=cortex-a9 -mfpu=vfpv3 -mfloat-abi=hard -I../../standalone_bsp_0/ps7_cortexa9_0/include -MMD -MP -MF"src/memtest_controller.d" -MT"src/memtest_controller.o" -o "src/memtest_controller.o" "../src/memtest_controller.c"
../src/memtest_controller.c:55:6: error: conflicting types for 'memtest_performTest'
 void memtest_performTest(unsigned int wordCount, enum MemTestModes mode)
      ^~~~~~~~~~~~~~~~~~~
In file included from ../src/memtest_controller.c:7:
../src/memtest_controller.h:35:6: note: previous declaration of 'memtest_performTest' was here
 void memtest_performTest(unsigned int wordCount, enum MemTestModes mode, int readCount);
      ^~~~~~~~~~~~~~~~~~~
make: *** [src/subdir.mk:35: src/memtest_controller.o] Error 1
18:20:20 **** Auto Build of configuration Debug for project hello ****
make pre-build main-build 
a9-linaro-pre-build-step
' '
'Building file: ../src/memtest_controller.c'
'Invoking: ARM v7 gcc compiler'
arm-none-eabi-gcc -Wall -O0 -g3 -c -fmessage-length=0 -MT"src/memtest_controller.o" -mcpu=cortex-a9 -mfpu=vfpv3 -mfloat-abi=hard -I../../standalone_bsp_0/ps7_cortexa9_0/include -MMD -MP -MF"src/memtest_controller.d" -MT"src/memtest_controller.o" -o "src/memtest_controller.o" "../src/memtest_controller.c"
'Finished building: ../src/memtest_controller.c'
' '
'Building file: ../src/menu_controller.c'
'Invoking: ARM v7 gcc compiler'
arm-none-eabi-gcc -Wall -O0 -g3 -c -fmessage-length=0 -MT"src/menu_controller.o" -mcpu=cortex-a9 -mfpu=vfpv3 -mfloat-abi=hard -I../../standalone_bsp_0/ps7_cortexa9_0/include -MMD -MP -MF"src/menu_controller.d" -MT"src/menu_controller.o" -o "src/menu_controller.o" "../src/menu_controller.c"
../src/menu_controller.c: In function 'menu_awaitInput':
../src/menu_controller.c:70:5: error: too few arguments to function 'memtest_performTest'
     memtest_performTest(MEMORY_TEST_SIZES[config_memoryTestSize], config_memoryTestMode);
     ^~~~~~~~~~~~~~~~~~~
In file included from ../src/menu_controller.h:12,
                 from ../src/menu_controller.c:7:
../src/memtest_controller.h:35:6: note: declared here
 void memtest_performTest(unsigned int wordCount, enum MemTestModes mode, int readCount);
      ^~~~~~~~~~~~~~~~~~~
make: *** [src/subdir.mk:35: src/menu_controller.o] Error 1
18:20:32 **** Auto Build of configuration Debug for project hello ****
make pre-build main-build 
a9-linaro-pre-build-step
' '
'Building file: ../src/memtest_controller.c'
'Invoking: ARM v7 gcc compiler'
arm-none-eabi-gcc -Wall -O0 -g3 -c -fmessage-length=0 -MT"src/memtest_controller.o" -mcpu=cortex-a9 -mfpu=vfpv3 -mfloat-abi=hard -I../../standalone_bsp_0/ps7_cortexa9_0/include -MMD -MP -MF"src/memtest_controller.d" -MT"src/memtest_controller.o" -o "src/memtest_controller.o" "../src/memtest_controller.c"
'Finished building: ../src/memtest_controller.c'
' '
'Building file: ../src/menu_controller.c'
'Invoking: ARM v7 gcc compiler'
arm-none-eabi-gcc -Wall -O0 -g3 -c -fmessage-length=0 -MT"src/menu_controller.o" -mcpu=cortex-a9 -mfpu=vfpv3 -mfloat-abi=hard -I../../standalone_bsp_0/ps7_cortexa9_0/include -MMD -MP -MF"src/menu_controller.d" -MT"src/menu_controller.o" -o "src/menu_controller.o" "../src/menu_controller.c"
../src/menu_controller.c: In function 'menu_awaitInput':
../src/menu_controller.c:70:5: error: too few arguments to function 'memtest_performTest'
     memtest_performTest(MEMORY_TEST_SIZES[config_memoryTestSize], config_memoryTestMode);
     ^~~~~~~~~~~~~~~~~~~
In file included from ../src/menu_controller.h:12,
                 from ../src/menu_controller.c:7:
../src/memtest_controller.h:35:6: note: declared here
 void memtest_performTest(unsigned int wordCount, enum MemTestModes mode, int readCount);
      ^~~~~~~~~~~~~~~~~~~
make: *** [src/subdir.mk:35: src/menu_controller.o] Error 1
18:20:36 **** Auto Build of configuration Debug for project hello ****
make pre-build main-build 
a9-linaro-pre-build-step
' '
'Building file: ../src/memtest_controller.c'
'Invoking: ARM v7 gcc compiler'
arm-none-eabi-gcc -Wall -O0 -g3 -c -fmessage-length=0 -MT"src/memtest_controller.o" -mcpu=cortex-a9 -mfpu=vfpv3 -mfloat-abi=hard -I../../standalone_bsp_0/ps7_cortexa9_0/include -MMD -MP -MF"src/memtest_controller.d" -MT"src/memtest_controller.o" -o "src/memtest_controller.o" "../src/memtest_controller.c"
'Finished building: ../src/memtest_controller.c'
' '
'Building file: ../src/menu_controller.c'
'Invoking: ARM v7 gcc compiler'
arm-none-eabi-gcc -Wall -O0 -g3 -c -fmessage-length=0 -MT"src/menu_controller.o" -mcpu=cortex-a9 -mfpu=vfpv3 -mfloat-abi=hard -I../../standalone_bsp_0/ps7_cortexa9_0/include -MMD -MP -MF"src/menu_controller.d" -MT"src/menu_controller.o" -o "src/menu_controller.o" "../src/menu_controller.c"
../src/menu_controller.c: In function 'menu_awaitInput':
../src/menu_controller.c:70:5: error: too few arguments to function 'memtest_performTest'
     memtest_performTest(MEMORY_TEST_SIZES[config_memoryTestSize], config_memoryTestMode);
     ^~~~~~~~~~~~~~~~~~~
In file included from ../src/menu_controller.h:12,
                 from ../src/menu_controller.c:7:
../src/memtest_controller.h:35:6: note: declared here
 void memtest_performTest(unsigned int wordCount, enum MemTestModes mode, int readCount);
      ^~~~~~~~~~~~~~~~~~~
make: *** [src/subdir.mk:35: src/menu_controller.o] Error 1
18:21:32 **** Auto Build of configuration Debug for project hello ****
make pre-build main-build 
a9-linaro-pre-build-step
' '
'Building file: ../src/menu_controller.c'
'Invoking: ARM v7 gcc compiler'
arm-none-eabi-gcc -Wall -O0 -g3 -c -fmessage-length=0 -MT"src/menu_controller.o" -mcpu=cortex-a9 -mfpu=vfpv3 -mfloat-abi=hard -I../../standalone_bsp_0/ps7_cortexa9_0/include -MMD -MP -MF"src/menu_controller.d" -MT"src/menu_controller.o" -o "src/menu_controller.o" "../src/menu_controller.c"
../src/menu_controller.c: In function 'menu_awaitInput':
../src/menu_controller.c:71:5: error: too few arguments to function 'memtest_performTest'
     memtest_performTest(MEMORY_TEST_SIZES[config_memoryTestSize], config_memoryTestMode);
     ^~~~~~~~~~~~~~~~~~~
In file included from ../src/menu_controller.h:12,
                 from ../src/menu_controller.c:7:
../src/memtest_controller.h:35:6: note: declared here
 void memtest_performTest(unsigned int wordCount, enum MemTestModes mode, int readCount);
      ^~~~~~~~~~~~~~~~~~~
make: *** [src/subdir.mk:35: src/menu_controller.o] Error 1
18:22:09 **** Auto Build of configuration Debug for project hello ****
make pre-build main-build 
a9-linaro-pre-build-step
' '
'Building file: ../src/menu_controller.c'
'Invoking: ARM v7 gcc compiler'
arm-none-eabi-gcc -Wall -O0 -g3 -c -fmessage-length=0 -MT"src/menu_controller.o" -mcpu=cortex-a9 -mfpu=vfpv3 -mfloat-abi=hard -I../../standalone_bsp_0/ps7_cortexa9_0/include -MMD -MP -MF"src/menu_controller.d" -MT"src/menu_controller.o" -o "src/menu_controller.o" "../src/menu_controller.c"
'Finished building: ../src/menu_controller.c'
' '
'Building target: hello.elf'
'Invoking: ARM v7 gcc linker'
arm-none-eabi-gcc -mcpu=cortex-a9 -mfpu=vfpv3 -mfloat-abi=hard -Wl,-build-id=none -specs=Xilinx.spec -Wl,-T -Wl,../src/lscript.ld -L../../standalone_bsp_0/ps7_cortexa9_0/lib -o "hello.elf"  ./src/main.o ./src/memtest_controller.o ./src/menu_controller.o ./src/platform.o ./src/uart_controller.o   -Wl,--start-group,-lxil,-lgcc,-lc,--end-group
'Finished building target: hello.elf'
' '
'Invoking: ARM v7 Print Size'
arm-none-eabi-size hello.elf  |tee "hello.elf.size"
   text	   data	    bss	    dec	    hex	filename
  57124	   2616	  23416	  83156	  144d4	hello.elf
'Finished building: hello.elf.size'
' '
18:23:59 **** Auto Build of configuration Debug for project hello ****
make pre-build main-build 
a9-linaro-pre-build-step
' '
'Building file: ../src/menu_controller.c'
'Invoking: ARM v7 gcc compiler'
arm-none-eabi-gcc -Wall -O0 -g3 -c -fmessage-length=0 -MT"src/menu_controller.o" -mcpu=cortex-a9 -mfpu=vfpv3 -mfloat-abi=hard -I../../standalone_bsp_0/ps7_cortexa9_0/include -MMD -MP -MF"src/menu_controller.d" -MT"src/menu_controller.o" -o "src/menu_controller.o" "../src/menu_controller.c"
'Finished building: ../src/menu_controller.c'
' '
'Building target: hello.elf'
'Invoking: ARM v7 gcc linker'
arm-none-eabi-gcc -mcpu=cortex-a9 -mfpu=vfpv3 -mfloat-abi=hard -Wl,-build-id=none -specs=Xilinx.spec -Wl,-T -Wl,../src/lscript.ld -L../../standalone_bsp_0/ps7_cortexa9_0/lib -o "hello.elf"  ./src/main.o ./src/memtest_controller.o ./src/menu_controller.o ./src/platform.o ./src/uart_controller.o   -Wl,--start-group,-lxil,-lgcc,-lc,--end-group
'Finished building target: hello.elf'
' '
'Invoking: ARM v7 Print Size'
arm-none-eabi-size hello.elf  |tee "hello.elf.size"
   text	   data	    bss	    dec	    hex	filename
  57276	   2616	  23416	  83308	  1456c	hello.elf
'Finished building: hello.elf.size'
' '
18:24:10 **** Auto Build of configuration Debug for project hello ****
make pre-build main-build 
a9-linaro-pre-build-step
' '
'Building file: ../src/menu_controller.c'
'Invoking: ARM v7 gcc compiler'
arm-none-eabi-gcc -Wall -O0 -g3 -c -fmessage-length=0 -MT"src/menu_controller.o" -mcpu=cortex-a9 -mfpu=vfpv3 -mfloat-abi=hard -I../../standalone_bsp_0/ps7_cortexa9_0/include -MMD -MP -MF"src/menu_controller.d" -MT"src/menu_controller.o" -o "src/menu_controller.o" "../src/menu_controller.c"
../src/menu_controller.c: In function 'menu_awaitInput':
../src/menu_controller.c:71:65: error: 'MENU_MEMTEST_READCOUNT_MAX' undeclared (first use in this function)
     config_memoryTestReadCount = (config_memoryTestReadCount+1)%MENU_MEMTEST_READCOUNT_MAX;
                                                                 ^~~~~~~~~~~~~~~~~~~~~~~~~~
../src/menu_controller.c:71:65: note: each undeclared identifier is reported only once for each function it appears in
make: *** [src/subdir.mk:35: src/menu_controller.o] Error 1
18:24:24 **** Auto Build of configuration Debug for project hello ****
make pre-build main-build 
a9-linaro-pre-build-step
' '
'Building file: ../src/main.c'
'Invoking: ARM v7 gcc compiler'
arm-none-eabi-gcc -Wall -O0 -g3 -c -fmessage-length=0 -MT"src/main.o" -mcpu=cortex-a9 -mfpu=vfpv3 -mfloat-abi=hard -I../../standalone_bsp_0/ps7_cortexa9_0/include -MMD -MP -MF"src/main.d" -MT"src/main.o" -o "src/main.o" "../src/main.c"
'Finished building: ../src/main.c'
' '
'Building file: ../src/menu_controller.c'
'Invoking: ARM v7 gcc compiler'
arm-none-eabi-gcc -Wall -O0 -g3 -c -fmessage-length=0 -MT"src/menu_controller.o" -mcpu=cortex-a9 -mfpu=vfpv3 -mfloat-abi=hard -I../../standalone_bsp_0/ps7_cortexa9_0/include -MMD -MP -MF"src/menu_controller.d" -MT"src/menu_controller.o" -o "src/menu_controller.o" "../src/menu_controller.c"
'Finished building: ../src/menu_controller.c'
' '
'Building target: hello.elf'
'Invoking: ARM v7 gcc linker'
arm-none-eabi-gcc -mcpu=cortex-a9 -mfpu=vfpv3 -mfloat-abi=hard -Wl,-build-id=none -specs=Xilinx.spec -Wl,-T -Wl,../src/lscript.ld -L../../standalone_bsp_0/ps7_cortexa9_0/lib -o "hello.elf"  ./src/main.o ./src/memtest_controller.o ./src/menu_controller.o ./src/platform.o ./src/uart_controller.o   -Wl,--start-group,-lxil,-lgcc,-lc,--end-group
'Finished building target: hello.elf'
' '
'Invoking: ARM v7 Print Size'
arm-none-eabi-size hello.elf  |tee "hello.elf.size"
   text	   data	    bss	    dec	    hex	filename
  57276	   2616	  23416	  83308	  1456c	hello.elf
'Finished building: hello.elf.size'
' '
18:24:31 **** Auto Build of configuration Debug for project hello ****
make pre-build main-build 
a9-linaro-pre-build-step
' '
'Building file: ../src/menu_controller.c'
'Invoking: ARM v7 gcc compiler'
arm-none-eabi-gcc -Wall -O0 -g3 -c -fmessage-length=0 -MT"src/menu_controller.o" -mcpu=cortex-a9 -mfpu=vfpv3 -mfloat-abi=hard -I../../standalone_bsp_0/ps7_cortexa9_0/include -MMD -MP -MF"src/menu_controller.d" -MT"src/menu_controller.o" -o "src/menu_controller.o" "../src/menu_controller.c"
'Finished building: ../src/menu_controller.c'
' '
'Building target: hello.elf'
'Invoking: ARM v7 gcc linker'
arm-none-eabi-gcc -mcpu=cortex-a9 -mfpu=vfpv3 -mfloat-abi=hard -Wl,-build-id=none -specs=Xilinx.spec -Wl,-T -Wl,../src/lscript.ld -L../../standalone_bsp_0/ps7_cortexa9_0/lib -o "hello.elf"  ./src/main.o ./src/memtest_controller.o ./src/menu_controller.o ./src/platform.o ./src/uart_controller.o   -Wl,--start-group,-lxil,-lgcc,-lc,--end-group
'Finished building target: hello.elf'
' '
'Invoking: ARM v7 Print Size'
arm-none-eabi-size hello.elf  |tee "hello.elf.size"
   text	   data	    bss	    dec	    hex	filename
  57276	   2616	  23416	  83308	  1456c	hello.elf
'Finished building: hello.elf.size'
' '
18:24:43 **** Auto Build of configuration Debug for project hello ****
make pre-build main-build 
a9-linaro-pre-build-step
' '
'Building file: ../src/menu_controller.c'
'Invoking: ARM v7 gcc compiler'
arm-none-eabi-gcc -Wall -O0 -g3 -c -fmessage-length=0 -MT"src/menu_controller.o" -mcpu=cortex-a9 -mfpu=vfpv3 -mfloat-abi=hard -I../../standalone_bsp_0/ps7_cortexa9_0/include -MMD -MP -MF"src/menu_controller.d" -MT"src/menu_controller.o" -o "src/menu_controller.o" "../src/menu_controller.c"
'Finished building: ../src/menu_controller.c'
' '
'Building target: hello.elf'
'Invoking: ARM v7 gcc linker'
arm-none-eabi-gcc -mcpu=cortex-a9 -mfpu=vfpv3 -mfloat-abi=hard -Wl,-build-id=none -specs=Xilinx.spec -Wl,-T -Wl,../src/lscript.ld -L../../standalone_bsp_0/ps7_cortexa9_0/lib -o "hello.elf"  ./src/main.o ./src/memtest_controller.o ./src/menu_controller.o ./src/platform.o ./src/uart_controller.o   -Wl,--start-group,-lxil,-lgcc,-lc,--end-group
'Finished building target: hello.elf'
' '
'Invoking: ARM v7 Print Size'
arm-none-eabi-size hello.elf  |tee "hello.elf.size"
   text	   data	    bss	    dec	    hex	filename
  57276	   2616	  23416	  83308	  1456c	hello.elf
'Finished building: hello.elf.size'
' '
18:24:48 **** Auto Build of configuration Debug for project hello ****
make pre-build main-build 
a9-linaro-pre-build-step
' '
'Building file: ../src/menu_controller.c'
'Invoking: ARM v7 gcc compiler'
arm-none-eabi-gcc -Wall -O0 -g3 -c -fmessage-length=0 -MT"src/menu_controller.o" -mcpu=cortex-a9 -mfpu=vfpv3 -mfloat-abi=hard -I../../standalone_bsp_0/ps7_cortexa9_0/include -MMD -MP -MF"src/menu_controller.d" -MT"src/menu_controller.o" -o "src/menu_controller.o" "../src/menu_controller.c"
'Finished building: ../src/menu_controller.c'
' '
'Building target: hello.elf'
'Invoking: ARM v7 gcc linker'
arm-none-eabi-gcc -mcpu=cortex-a9 -mfpu=vfpv3 -mfloat-abi=hard -Wl,-build-id=none -specs=Xilinx.spec -Wl,-T -Wl,../src/lscript.ld -L../../standalone_bsp_0/ps7_cortexa9_0/lib -o "hello.elf"  ./src/main.o ./src/memtest_controller.o ./src/menu_controller.o ./src/platform.o ./src/uart_controller.o   -Wl,--start-group,-lxil,-lgcc,-lc,--end-group
'Finished building target: hello.elf'
' '
'Invoking: ARM v7 Print Size'
arm-none-eabi-size hello.elf  |tee "hello.elf.size"
   text	   data	    bss	    dec	    hex	filename
  57276	   2616	  23416	  83308	  1456c	hello.elf
'Finished building: hello.elf.size'
' '
18:26:00 **** Auto Build of configuration Debug for project hello ****
make pre-build main-build 
a9-linaro-pre-build-step
' '
'Building file: ../src/menu_controller.c'
'Invoking: ARM v7 gcc compiler'
arm-none-eabi-gcc -Wall -O0 -g3 -c -fmessage-length=0 -MT"src/menu_controller.o" -mcpu=cortex-a9 -mfpu=vfpv3 -mfloat-abi=hard -I../../standalone_bsp_0/ps7_cortexa9_0/include -MMD -MP -MF"src/menu_controller.d" -MT"src/menu_controller.o" -o "src/menu_controller.o" "../src/menu_controller.c"
'Finished building: ../src/menu_controller.c'
' '
'Building target: hello.elf'
'Invoking: ARM v7 gcc linker'
arm-none-eabi-gcc -mcpu=cortex-a9 -mfpu=vfpv3 -mfloat-abi=hard -Wl,-build-id=none -specs=Xilinx.spec -Wl,-T -Wl,../src/lscript.ld -L../../standalone_bsp_0/ps7_cortexa9_0/lib -o "hello.elf"  ./src/main.o ./src/memtest_controller.o ./src/menu_controller.o ./src/platform.o ./src/uart_controller.o   -Wl,--start-group,-lxil,-lgcc,-lc,--end-group
'Finished building target: hello.elf'
' '
'Invoking: ARM v7 Print Size'
arm-none-eabi-size hello.elf  |tee "hello.elf.size"
   text	   data	    bss	    dec	    hex	filename
  57308	   2616	  23416	  83340	  1458c	hello.elf
'Finished building: hello.elf.size'
' '
18:27:05 **** Auto Build of configuration Debug for project hello ****
make pre-build main-build 
a9-linaro-pre-build-step
' '
'Building file: ../src/menu_controller.c'
'Invoking: ARM v7 gcc compiler'
arm-none-eabi-gcc -Wall -O0 -g3 -c -fmessage-length=0 -MT"src/menu_controller.o" -mcpu=cortex-a9 -mfpu=vfpv3 -mfloat-abi=hard -I../../standalone_bsp_0/ps7_cortexa9_0/include -MMD -MP -MF"src/menu_controller.d" -MT"src/menu_controller.o" -o "src/menu_controller.o" "../src/menu_controller.c"
../src/menu_controller.c: In function 'menu_writeMain':
../src/menu_controller.c:18:30: warning: 'Memory test:

	p - switch te...' directive writing 135 bytes into a region of size 128 [-Wformat-overflow=]
  unsigned int stringlength = sprintf(
                              ^~~~~~~~
    (char*)string,
    ~~~~~~~~~~~~~~             
    "Memory test:\n\r"
    ~~~~~~~~~~~~~~~~~~         
    "\tp - switch test pattern\n\r"
    ~~~~~~~~~~~~~~~~~~~~~~~~~~~~~~~
    "\ts - switch test size\n\r"
    ~~~~~~~~~~~~~~~~~~~~~~~~~~~~
    "\tv - switch test verbosity\n\r"
    ~~~~~~~~~~~~~~~~~~~~~~~~~~~~~~~~~
    "\td - switch read count(RDF)\n\r"
    ~~~~~~~~~~~~~~~~~~~~~~~~~~~~~~~~~~
    "\tr - run test\n\r"
    ~~~~~~~~~~~~~~~~~~~~       
    );
    ~                          
../src/menu_controller.c:18:30: note: 'sprintf' output 136 bytes into a destination of size 128
'Finished building: ../src/menu_controller.c'
' '
'Building target: hello.elf'
'Invoking: ARM v7 gcc linker'
arm-none-eabi-gcc -mcpu=cortex-a9 -mfpu=vfpv3 -mfloat-abi=hard -Wl,-build-id=none -specs=Xilinx.spec -Wl,-T -Wl,../src/lscript.ld -L../../standalone_bsp_0/ps7_cortexa9_0/lib -o "hello.elf"  ./src/main.o ./src/memtest_controller.o ./src/menu_controller.o ./src/platform.o ./src/uart_controller.o   -Wl,--start-group,-lxil,-lgcc,-lc,--end-group
'Finished building target: hello.elf'
' '
'Invoking: ARM v7 Print Size'
arm-none-eabi-size hello.elf  |tee "hello.elf.size"
   text	   data	    bss	    dec	    hex	filename
  57340	   2616	  23416	  83372	  145ac	hello.elf
'Finished building: hello.elf.size'
' '
18:27:37 **** Auto Build of configuration Debug for project hello ****
make pre-build main-build 
a9-linaro-pre-build-step
' '
'Building file: ../src/main.c'
'Invoking: ARM v7 gcc compiler'
arm-none-eabi-gcc -Wall -O0 -g3 -c -fmessage-length=0 -MT"src/main.o" -mcpu=cortex-a9 -mfpu=vfpv3 -mfloat-abi=hard -I../../standalone_bsp_0/ps7_cortexa9_0/include -MMD -MP -MF"src/main.d" -MT"src/main.o" -o "src/main.o" "../src/main.c"
'Finished building: ../src/main.c'
' '
'Building file: ../src/menu_controller.c'
'Invoking: ARM v7 gcc compiler'
arm-none-eabi-gcc -Wall -O0 -g3 -c -fmessage-length=0 -MT"src/menu_controller.o" -mcpu=cortex-a9 -mfpu=vfpv3 -mfloat-abi=hard -I../../standalone_bsp_0/ps7_cortexa9_0/include -MMD -MP -MF"src/menu_controller.d" -MT"src/menu_controller.o" -o "src/menu_controller.o" "../src/menu_controller.c"
'Finished building: ../src/menu_controller.c'
' '
'Building target: hello.elf'
'Invoking: ARM v7 gcc linker'
arm-none-eabi-gcc -mcpu=cortex-a9 -mfpu=vfpv3 -mfloat-abi=hard -Wl,-build-id=none -specs=Xilinx.spec -Wl,-T -Wl,../src/lscript.ld -L../../standalone_bsp_0/ps7_cortexa9_0/lib -o "hello.elf"  ./src/main.o ./src/memtest_controller.o ./src/menu_controller.o ./src/platform.o ./src/uart_controller.o   -Wl,--start-group,-lxil,-lgcc,-lc,--end-group
'Finished building target: hello.elf'
' '
'Invoking: ARM v7 Print Size'
arm-none-eabi-size hello.elf  |tee "hello.elf.size"
   text	   data	    bss	    dec	    hex	filename
  57340	   2616	  23416	  83372	  145ac	hello.elf
'Finished building: hello.elf.size'
' '
18:27:56 **** Auto Build of configuration Debug for project hello ****
make pre-build main-build 
a9-linaro-pre-build-step
' '
'Building file: ../src/main.c'
'Invoking: ARM v7 gcc compiler'
arm-none-eabi-gcc -Wall -O0 -g3 -c -fmessage-length=0 -MT"src/main.o" -mcpu=cortex-a9 -mfpu=vfpv3 -mfloat-abi=hard -I../../standalone_bsp_0/ps7_cortexa9_0/include -MMD -MP -MF"src/main.d" -MT"src/main.o" -o "src/main.o" "../src/main.c"
'Finished building: ../src/main.c'
' '
'Building file: ../src/menu_controller.c'
'Invoking: ARM v7 gcc compiler'
arm-none-eabi-gcc -Wall -O0 -g3 -c -fmessage-length=0 -MT"src/menu_controller.o" -mcpu=cortex-a9 -mfpu=vfpv3 -mfloat-abi=hard -I../../standalone_bsp_0/ps7_cortexa9_0/include -MMD -MP -MF"src/menu_controller.d" -MT"src/menu_controller.o" -o "src/menu_controller.o" "../src/menu_controller.c"
../src/menu_controller.c: In function 'menu_writeMain':
../src/menu_controller.c:17:23: error: 'MENU_STRLEN_MAIN' undeclared (first use in this function); did you mean 'MENU_STRLEN_RESPONSE'?
  unsigned char string[MENU_STRLEN_MAIN];
                       ^~~~~~~~~~~~~~~~
                       MENU_STRLEN_RESPONSE
../src/menu_controller.c:17:23: note: each undeclared identifier is reported only once for each function it appears in
../src/menu_controller.c:17:16: warning: unused variable 'string' [-Wunused-variable]
  unsigned char string[MENU_STRLEN_MAIN];
                ^~~~~~
make: *** [src/subdir.mk:35: src/menu_controller.o] Error 1
18:28:11 **** Auto Build of configuration Debug for project hello ****
make pre-build main-build 
a9-linaro-pre-build-step
' '
'Building file: ../src/main.c'
'Invoking: ARM v7 gcc compiler'
arm-none-eabi-gcc -Wall -O0 -g3 -c -fmessage-length=0 -MT"src/main.o" -mcpu=cortex-a9 -mfpu=vfpv3 -mfloat-abi=hard -I../../standalone_bsp_0/ps7_cortexa9_0/include -MMD -MP -MF"src/main.d" -MT"src/main.o" -o "src/main.o" "../src/main.c"
'Finished building: ../src/main.c'
' '
'Building file: ../src/menu_controller.c'
'Invoking: ARM v7 gcc compiler'
arm-none-eabi-gcc -Wall -O0 -g3 -c -fmessage-length=0 -MT"src/menu_controller.o" -mcpu=cortex-a9 -mfpu=vfpv3 -mfloat-abi=hard -I../../standalone_bsp_0/ps7_cortexa9_0/include -MMD -MP -MF"src/menu_controller.d" -MT"src/menu_controller.o" -o "src/menu_controller.o" "../src/menu_controller.c"
'Finished building: ../src/menu_controller.c'
' '
'Building target: hello.elf'
'Invoking: ARM v7 gcc linker'
arm-none-eabi-gcc -mcpu=cortex-a9 -mfpu=vfpv3 -mfloat-abi=hard -Wl,-build-id=none -specs=Xilinx.spec -Wl,-T -Wl,../src/lscript.ld -L../../standalone_bsp_0/ps7_cortexa9_0/lib -o "hello.elf"  ./src/main.o ./src/memtest_controller.o ./src/menu_controller.o ./src/platform.o ./src/uart_controller.o   -Wl,--start-group,-lxil,-lgcc,-lc,--end-group
'Finished building target: hello.elf'
' '
'Invoking: ARM v7 Print Size'
arm-none-eabi-size hello.elf  |tee "hello.elf.size"
   text	   data	    bss	    dec	    hex	filename
  57340	   2616	  23416	  83372	  145ac	hello.elf
'Finished building: hello.elf.size'
' '
18:38:26 **** Auto Build of configuration Debug for project hello ****
make pre-build main-build 
a9-linaro-pre-build-step
' '
'Building file: ../src/memtest_controller.c'
'Invoking: ARM v7 gcc compiler'
arm-none-eabi-gcc -Wall -O0 -g3 -c -fmessage-length=0 -MT"src/memtest_controller.o" -mcpu=cortex-a9 -mfpu=vfpv3 -mfloat-abi=hard -I../../standalone_bsp_0/ps7_cortexa9_0/include -MMD -MP -MF"src/memtest_controller.d" -MT"src/memtest_controller.o" -o "src/memtest_controller.o" "../src/memtest_controller.c"
'Finished building: ../src/memtest_controller.c'
' '
'Building target: hello.elf'
'Invoking: ARM v7 gcc linker'
arm-none-eabi-gcc -mcpu=cortex-a9 -mfpu=vfpv3 -mfloat-abi=hard -Wl,-build-id=none -specs=Xilinx.spec -Wl,-T -Wl,../src/lscript.ld -L../../standalone_bsp_0/ps7_cortexa9_0/lib -o "hello.elf"  ./src/main.o ./src/memtest_controller.o ./src/menu_controller.o ./src/platform.o ./src/uart_controller.o   -Wl,--start-group,-lxil,-lgcc,-lc,--end-group
e:/programy/vivado2019/sdk/2019.1/gnu/aarch32/nt/gcc-arm-none-eabi/bin/../lib/gcc/arm-none-eabi/8.2.0/../../../../arm-none-eabi/bin/ld.exe: ./src/memtest_controller.o: in function `memtest_performTest':
E:\Development\VHDL\zynquart\zynqexample.sdk\hello\Debug/../src/memtest_controller.c:60: undefined reference to `getNextPattern'
e:/programy/vivado2019/sdk/2019.1/gnu/aarch32/nt/gcc-arm-none-eabi/bin/../lib/gcc/arm-none-eabi/8.2.0/../../../../arm-none-eabi/bin/ld.exe: E:\Development\VHDL\zynquart\zynqexample.sdk\hello\Debug/../src/memtest_controller.c:69: undefined reference to `getNextPattern'
collect2.exe: error: ld returned 1 exit status
make: *** [makefile:41: hello.elf] Error 1
18:38:44 **** Auto Build of configuration Debug for project hello ****
make pre-build main-build 
a9-linaro-pre-build-step
' '
'Building file: ../src/main.c'
'Invoking: ARM v7 gcc compiler'
arm-none-eabi-gcc -Wall -O0 -g3 -c -fmessage-length=0 -MT"src/main.o" -mcpu=cortex-a9 -mfpu=vfpv3 -mfloat-abi=hard -I../../standalone_bsp_0/ps7_cortexa9_0/include -MMD -MP -MF"src/main.d" -MT"src/main.o" -o "src/main.o" "../src/main.c"
'Finished building: ../src/main.c'
' '
'Building file: ../src/memtest_controller.c'
'Invoking: ARM v7 gcc compiler'
arm-none-eabi-gcc -Wall -O0 -g3 -c -fmessage-length=0 -MT"src/memtest_controller.o" -mcpu=cortex-a9 -mfpu=vfpv3 -mfloat-abi=hard -I../../standalone_bsp_0/ps7_cortexa9_0/include -MMD -MP -MF"src/memtest_controller.d" -MT"src/memtest_controller.o" -o "src/memtest_controller.o" "../src/memtest_controller.c"
../src/memtest_controller.c: In function 'memtest_performTest':
../src/memtest_controller.c:60:26: warning: implicit declaration of function 'getNextPattern'; did you mean 'getNextQuickPattern'? [-Wimplicit-function-declaration]
   unsigned int pattern = getNextPattern(counter, mode);
                          ^~~~~~~~~~~~~~
                          getNextQuickPattern
'Finished building: ../src/memtest_controller.c'
' '
'Building file: ../src/menu_controller.c'
'Invoking: ARM v7 gcc compiler'
arm-none-eabi-gcc -Wall -O0 -g3 -c -fmessage-length=0 -MT"src/menu_controller.o" -mcpu=cortex-a9 -mfpu=vfpv3 -mfloat-abi=hard -I../../standalone_bsp_0/ps7_cortexa9_0/include -MMD -MP -MF"src/menu_controller.d" -MT"src/menu_controller.o" -o "src/menu_controller.o" "../src/menu_controller.c"
'Finished building: ../src/menu_controller.c'
' '
'Building target: hello.elf'
'Invoking: ARM v7 gcc linker'
arm-none-eabi-gcc -mcpu=cortex-a9 -mfpu=vfpv3 -mfloat-abi=hard -Wl,-build-id=none -specs=Xilinx.spec -Wl,-T -Wl,../src/lscript.ld -L../../standalone_bsp_0/ps7_cortexa9_0/lib -o "hello.elf"  ./src/main.o ./src/memtest_controller.o ./src/menu_controller.o ./src/platform.o ./src/uart_controller.o   -Wl,--start-group,-lxil,-lgcc,-lc,--end-group
e:/programy/vivado2019/sdk/2019.1/gnu/aarch32/nt/gcc-arm-none-eabi/bin/../lib/gcc/arm-none-eabi/8.2.0/../../../../arm-none-eabi/bin/ld.exe: ./src/memtest_controller.o: in function `memtest_performTest':
E:\Development\VHDL\zynquart\zynqexample.sdk\hello\Debug/../src/memtest_controller.c:60: undefined reference to `getNextPattern'
e:/programy/vivado2019/sdk/2019.1/gnu/aarch32/nt/gcc-arm-none-eabi/bin/../lib/gcc/arm-none-eabi/8.2.0/../../../../arm-none-eabi/bin/ld.exe: E:\Development\VHDL\zynquart\zynqexample.sdk\hello\Debug/../src/memtest_controller.c:69: undefined reference to `getNextPattern'
collect2.exe: error: ld returned 1 exit status
make: *** [makefile:41: hello.elf] Error 1
18:39:09 **** Auto Build of configuration Debug for project hello ****
make pre-build main-build 
a9-linaro-pre-build-step
' '
'Building file: ../src/main.c'
'Invoking: ARM v7 gcc compiler'
arm-none-eabi-gcc -Wall -O0 -g3 -c -fmessage-length=0 -MT"src/main.o" -mcpu=cortex-a9 -mfpu=vfpv3 -mfloat-abi=hard -I../../standalone_bsp_0/ps7_cortexa9_0/include -MMD -MP -MF"src/main.d" -MT"src/main.o" -o "src/main.o" "../src/main.c"
In file included from ../src/menu_controller.h:12,
                 from ../src/main.c:9:
../src/memtest_controller.h:35:14: error: conflicting types for 'getNextQuickPattern'
 unsigned int getNextQuickPattern(unsigned int memoryPoint, unsigned char concurrentTest, enum MemTestModes mode);
              ^~~~~~~~~~~~~~~~~~~
../src/memtest_controller.h:34:14: note: previous declaration of 'getNextQuickPattern' was here
 unsigned int getNextQuickPattern(unsigned int counter, enum MemTestModes mode);
              ^~~~~~~~~~~~~~~~~~~
make: *** [src/subdir.mk:35: src/main.o] Error 1
18:39:23 **** Auto Build of configuration Debug for project hello ****
make pre-build main-build 
a9-linaro-pre-build-step
' '
'Building file: ../src/main.c'
'Invoking: ARM v7 gcc compiler'
arm-none-eabi-gcc -Wall -O0 -g3 -c -fmessage-length=0 -MT"src/main.o" -mcpu=cortex-a9 -mfpu=vfpv3 -mfloat-abi=hard -I../../standalone_bsp_0/ps7_cortexa9_0/include -MMD -MP -MF"src/main.d" -MT"src/main.o" -o "src/main.o" "../src/main.c"
'Finished building: ../src/main.c'
' '
'Building file: ../src/memtest_controller.c'
'Invoking: ARM v7 gcc compiler'
arm-none-eabi-gcc -Wall -O0 -g3 -c -fmessage-length=0 -MT"src/memtest_controller.o" -mcpu=cortex-a9 -mfpu=vfpv3 -mfloat-abi=hard -I../../standalone_bsp_0/ps7_cortexa9_0/include -MMD -MP -MF"src/memtest_controller.d" -MT"src/memtest_controller.o" -o "src/memtest_controller.o" "../src/memtest_controller.c"
../src/memtest_controller.c: In function 'memtest_performTest':
../src/memtest_controller.c:60:26: warning: implicit declaration of function 'getNextPattern'; did you mean 'getNextQuickPattern'? [-Wimplicit-function-declaration]
   unsigned int pattern = getNextPattern(counter, mode);
                          ^~~~~~~~~~~~~~
                          getNextQuickPattern
'Finished building: ../src/memtest_controller.c'
' '
'Building file: ../src/menu_controller.c'
'Invoking: ARM v7 gcc compiler'
arm-none-eabi-gcc -Wall -O0 -g3 -c -fmessage-length=0 -MT"src/menu_controller.o" -mcpu=cortex-a9 -mfpu=vfpv3 -mfloat-abi=hard -I../../standalone_bsp_0/ps7_cortexa9_0/include -MMD -MP -MF"src/menu_controller.d" -MT"src/menu_controller.o" -o "src/menu_controller.o" "../src/menu_controller.c"
'Finished building: ../src/menu_controller.c'
' '
'Building target: hello.elf'
'Invoking: ARM v7 gcc linker'
arm-none-eabi-gcc -mcpu=cortex-a9 -mfpu=vfpv3 -mfloat-abi=hard -Wl,-build-id=none -specs=Xilinx.spec -Wl,-T -Wl,../src/lscript.ld -L../../standalone_bsp_0/ps7_cortexa9_0/lib -o "hello.elf"  ./src/main.o ./src/memtest_controller.o ./src/menu_controller.o ./src/platform.o ./src/uart_controller.o   -Wl,--start-group,-lxil,-lgcc,-lc,--end-group
e:/programy/vivado2019/sdk/2019.1/gnu/aarch32/nt/gcc-arm-none-eabi/bin/../lib/gcc/arm-none-eabi/8.2.0/../../../../arm-none-eabi/bin/ld.exe: ./src/memtest_controller.o: in function `memtest_performTest':
E:\Development\VHDL\zynquart\zynqexample.sdk\hello\Debug/../src/memtest_controller.c:60: undefined reference to `getNextPattern'
e:/programy/vivado2019/sdk/2019.1/gnu/aarch32/nt/gcc-arm-none-eabi/bin/../lib/gcc/arm-none-eabi/8.2.0/../../../../arm-none-eabi/bin/ld.exe: E:\Development\VHDL\zynquart\zynqexample.sdk\hello\Debug/../src/memtest_controller.c:69: undefined reference to `getNextPattern'
collect2.exe: error: ld returned 1 exit status
make: *** [makefile:41: hello.elf] Error 1
18:39:49 **** Auto Build of configuration Debug for project hello ****
make pre-build main-build 
a9-linaro-pre-build-step
' '
'Building file: ../src/main.c'
'Invoking: ARM v7 gcc compiler'
arm-none-eabi-gcc -Wall -O0 -g3 -c -fmessage-length=0 -MT"src/main.o" -mcpu=cortex-a9 -mfpu=vfpv3 -mfloat-abi=hard -I../../standalone_bsp_0/ps7_cortexa9_0/include -MMD -MP -MF"src/main.d" -MT"src/main.o" -o "src/main.o" "../src/main.c"
'Finished building: ../src/main.c'
' '
'Building file: ../src/memtest_controller.c'
'Invoking: ARM v7 gcc compiler'
arm-none-eabi-gcc -Wall -O0 -g3 -c -fmessage-length=0 -MT"src/memtest_controller.o" -mcpu=cortex-a9 -mfpu=vfpv3 -mfloat-abi=hard -I../../standalone_bsp_0/ps7_cortexa9_0/include -MMD -MP -MF"src/memtest_controller.d" -MT"src/memtest_controller.o" -o "src/memtest_controller.o" "../src/memtest_controller.c"
../src/memtest_controller.c: In function 'memtest_performTest':
../src/memtest_controller.c:60:26: warning: implicit declaration of function 'getNextPattern'; did you mean 'getNextQuickPattern'? [-Wimplicit-function-declaration]
   unsigned int pattern = getNextPattern(counter, mode);
                          ^~~~~~~~~~~~~~
                          getNextQuickPattern
'Finished building: ../src/memtest_controller.c'
' '
'Building file: ../src/menu_controller.c'
'Invoking: ARM v7 gcc compiler'
arm-none-eabi-gcc -Wall -O0 -g3 -c -fmessage-length=0 -MT"src/menu_controller.o" -mcpu=cortex-a9 -mfpu=vfpv3 -mfloat-abi=hard -I../../standalone_bsp_0/ps7_cortexa9_0/include -MMD -MP -MF"src/menu_controller.d" -MT"src/menu_controller.o" -o "src/menu_controller.o" "../src/menu_controller.c"
../src/menu_controller.c:11:6: error: variable 'config_memoryTestMode' has initializer but incomplete type
 enum MemTestModes config_memoryTestMode = MTESTMODE_ZEROES;
      ^~~~~~~~~~~~
../src/menu_controller.c: In function 'menu_awaitInput':
../src/menu_controller.c:45:5: error: 'config_memoryTestMode' has an incomplete type 'enum MemTestModes'
     config_memoryTestMode = (config_memoryTestMode+1)%MENU_MEMTEST_MODE_POSSIBLITIES;
     ^~~~~~~~~~~~~~~~~~~~~
../src/menu_controller.c:45:27: error: 'config_memoryTestMode' has an incomplete type 'enum MemTestModes'
     config_memoryTestMode = (config_memoryTestMode+1)%MENU_MEMTEST_MODE_POSSIBLITIES;
                           ^
../src/menu_controller.c:49:30: error: 'config_memoryTestMode' has an incomplete type 'enum MemTestModes'
       menu_getTestModeString(config_memoryTestMode)
                              ^~~~~~~~~~~~~~~~~~~~~
../src/menu_controller.c:81:67: error: 'config_memoryTestMode' has an incomplete type 'enum MemTestModes'
     memtest_performTest(MEMORY_TEST_SIZES[config_memoryTestSize], config_memoryTestMode, config_memoryTestReadCount);
                                                                   ^~~~~~~~~~~~~~~~~~~~~
../src/menu_controller.c: At top level:
../src/menu_controller.c:105:48: error: parameter 1 ('mode') has incomplete type
 char* menu_getTestModeString(enum MemTestModes mode)
                              ~~~~~~~~~~~~~~~~~~^~~~
../src/menu_controller.c:11:19: error: storage size of 'config_memoryTestMode' isn't known
 enum MemTestModes config_memoryTestMode = MTESTMODE_ZEROES;
                   ^~~~~~~~~~~~~~~~~~~~~
../src/menu_controller.c: In function 'menu_getTestModeString':
../src/menu_controller.c:118:1: warning: control reaches end of non-void function [-Wreturn-type]
 }
 ^
make: *** [src/subdir.mk:35: src/menu_controller.o] Error 1
18:39:54 **** Auto Build of configuration Debug for project hello ****
make pre-build main-build 
a9-linaro-pre-build-step
' '
'Building file: ../src/main.c'
'Invoking: ARM v7 gcc compiler'
arm-none-eabi-gcc -Wall -O0 -g3 -c -fmessage-length=0 -MT"src/main.o" -mcpu=cortex-a9 -mfpu=vfpv3 -mfloat-abi=hard -I../../standalone_bsp_0/ps7_cortexa9_0/include -MMD -MP -MF"src/main.d" -MT"src/main.o" -o "src/main.o" "../src/main.c"
In file included from ../src/menu_controller.h:12,
                 from ../src/main.c:9:
../src/memtest_controller.h:28:2: error: redeclaration of enumerator 'MTESTMODE_ZEROES'
  MTESTMODE_ZEROES,
  ^~~~~~~~~~~~~~~~
../src/memtest_controller.h:22:2: note: previous definition of 'MTESTMODE_ZEROES' was here
  MTESTMODE_ZEROES,
  ^~~~~~~~~~~~~~~~
../src/memtest_controller.h:29:2: error: redeclaration of enumerator 'MTESTMODE_ONES'
  MTESTMODE_ONES,
  ^~~~~~~~~~~~~~
../src/memtest_controller.h:23:2: note: previous definition of 'MTESTMODE_ONES' was here
  MTESTMODE_ONES,
  ^~~~~~~~~~~~~~
../src/memtest_controller.h:30:2: error: redeclaration of enumerator 'MTESTMODE_DEADBEEF'
  MTESTMODE_DEADBEEF,
  ^~~~~~~~~~~~~~~~~~
../src/memtest_controller.h:24:2: note: previous definition of 'MTESTMODE_DEADBEEF' was here
  MTESTMODE_DEADBEEF,
  ^~~~~~~~~~~~~~~~~~
../src/memtest_controller.h:31:2: error: redeclaration of enumerator 'MTESTMODE_WALKINGONE'
  MTESTMODE_WALKINGONE
  ^~~~~~~~~~~~~~~~~~~~
../src/memtest_controller.h:25:2: note: previous definition of 'MTESTMODE_WALKINGONE' was here
  MTESTMODE_WALKINGONE
  ^~~~~~~~~~~~~~~~~~~~
make: *** [src/subdir.mk:35: src/main.o] Error 1
18:40:24 **** Auto Build of configuration Debug for project hello ****
make pre-build main-build 
a9-linaro-pre-build-step
' '
'Building file: ../src/main.c'
'Invoking: ARM v7 gcc compiler'
arm-none-eabi-gcc -Wall -O0 -g3 -c -fmessage-length=0 -MT"src/main.o" -mcpu=cortex-a9 -mfpu=vfpv3 -mfloat-abi=hard -I../../standalone_bsp_0/ps7_cortexa9_0/include -MMD -MP -MF"src/main.d" -MT"src/main.o" -o "src/main.o" "../src/main.c"
In file included from ../src/menu_controller.h:12,
                 from ../src/main.c:9:
../src/memtest_controller.h:29:2: error: redeclaration of enumerator 'MTESTMODE_WALKINGONE'
  MTESTMODE_WALKINGONE,
  ^~~~~~~~~~~~~~~~~~~~
../src/memtest_controller.h:25:2: note: previous definition of 'MTESTMODE_WALKINGONE' was here
  MTESTMODE_WALKINGONE
  ^~~~~~~~~~~~~~~~~~~~
../src/memtest_controller.h:30:2: error: redeclaration of enumerator 'MTESTMODE_WALKINGONE'
  MTESTMODE_WALKINGONE,
  ^~~~~~~~~~~~~~~~~~~~
../src/memtest_controller.h:29:2: note: previous definition of 'MTESTMODE_WALKINGONE' was here
  MTESTMODE_WALKINGONE,
  ^~~~~~~~~~~~~~~~~~~~
make: *** [src/subdir.mk:35: src/main.o] Error 1
18:40:45 **** Auto Build of configuration Debug for project hello ****
make pre-build main-build 
a9-linaro-pre-build-step
' '
'Building file: ../src/main.c'
'Invoking: ARM v7 gcc compiler'
arm-none-eabi-gcc -Wall -O0 -g3 -c -fmessage-length=0 -MT"src/main.o" -mcpu=cortex-a9 -mfpu=vfpv3 -mfloat-abi=hard -I../../standalone_bsp_0/ps7_cortexa9_0/include -MMD -MP -MF"src/main.d" -MT"src/main.o" -o "src/main.o" "../src/main.c"
In file included from ../src/menu_controller.h:12,
                 from ../src/main.c:9:
../src/memtest_controller.h:29:2: error: redeclaration of enumerator 'MTESTMODE_WALKINGONE'
  MTESTMODE_WALKINGONE,
  ^~~~~~~~~~~~~~~~~~~~
../src/memtest_controller.h:25:2: note: previous definition of 'MTESTMODE_WALKINGONE' was here
  MTESTMODE_WALKINGONE
  ^~~~~~~~~~~~~~~~~~~~
make: *** [src/subdir.mk:35: src/main.o] Error 1
18:41:06 **** Auto Build of configuration Debug for project hello ****
make pre-build main-build 
a9-linaro-pre-build-step
' '
'Building file: ../src/main.c'
'Invoking: ARM v7 gcc compiler'
arm-none-eabi-gcc -Wall -O0 -g3 -c -fmessage-length=0 -MT"src/main.o" -mcpu=cortex-a9 -mfpu=vfpv3 -mfloat-abi=hard -I../../standalone_bsp_0/ps7_cortexa9_0/include -MMD -MP -MF"src/main.d" -MT"src/main.o" -o "src/main.o" "../src/main.c"
In file included from ../src/menu_controller.h:12,
                 from ../src/main.c:9:
../src/memtest_controller.h:29:2: error: redeclaration of enumerator 'MTESTMODE_WALKINGONE'
  MTESTMODE_WALKINGONE,
  ^~~~~~~~~~~~~~~~~~~~
../src/memtest_controller.h:25:2: note: previous definition of 'MTESTMODE_WALKINGONE' was here
  MTESTMODE_WALKINGONE
  ^~~~~~~~~~~~~~~~~~~~
make: *** [src/subdir.mk:35: src/main.o] Error 1
18:41:17 **** Auto Build of configuration Debug for project hello ****
make pre-build main-build 
a9-linaro-pre-build-step
' '
'Building file: ../src/main.c'
'Invoking: ARM v7 gcc compiler'
arm-none-eabi-gcc -Wall -O0 -g3 -c -fmessage-length=0 -MT"src/main.o" -mcpu=cortex-a9 -mfpu=vfpv3 -mfloat-abi=hard -I../../standalone_bsp_0/ps7_cortexa9_0/include -MMD -MP -MF"src/main.d" -MT"src/main.o" -o "src/main.o" "../src/main.c"
In file included from ../src/menu_controller.h:12,
                 from ../src/main.c:9:
../src/memtest_controller.h:29:2: error: redeclaration of enumerator 'MTESTMODE_WALKINGONE'
  MTESTMODE_WALKINGONE,
  ^~~~~~~~~~~~~~~~~~~~
../src/memtest_controller.h:25:2: note: previous definition of 'MTESTMODE_WALKINGONE' was here
  MTESTMODE_WALKINGONE
  ^~~~~~~~~~~~~~~~~~~~
make: *** [src/subdir.mk:35: src/main.o] Error 1
18:41:23 **** Auto Build of configuration Debug for project hello ****
make pre-build main-build 
a9-linaro-pre-build-step
' '
'Building file: ../src/main.c'
'Invoking: ARM v7 gcc compiler'
arm-none-eabi-gcc -Wall -O0 -g3 -c -fmessage-length=0 -MT"src/main.o" -mcpu=cortex-a9 -mfpu=vfpv3 -mfloat-abi=hard -I../../standalone_bsp_0/ps7_cortexa9_0/include -MMD -MP -MF"src/main.d" -MT"src/main.o" -o "src/main.o" "../src/main.c"
In file included from ../src/menu_controller.h:12,
                 from ../src/main.c:9:
../src/memtest_controller.h:29:2: error: redeclaration of enumerator 'MTESTMODE_WALKINGONE'
  MTESTMODE_WALKINGONE,
  ^~~~~~~~~~~~~~~~~~~~
../src/memtest_controller.h:25:2: note: previous definition of 'MTESTMODE_WALKINGONE' was here
  MTESTMODE_WALKINGONE
  ^~~~~~~~~~~~~~~~~~~~
make: *** [src/subdir.mk:35: src/main.o] Error 1
18:41:38 **** Auto Build of configuration Debug for project hello ****
make pre-build main-build 
a9-linaro-pre-build-step
' '
'Building file: ../src/main.c'
'Invoking: ARM v7 gcc compiler'
arm-none-eabi-gcc -Wall -O0 -g3 -c -fmessage-length=0 -MT"src/main.o" -mcpu=cortex-a9 -mfpu=vfpv3 -mfloat-abi=hard -I../../standalone_bsp_0/ps7_cortexa9_0/include -MMD -MP -MF"src/main.d" -MT"src/main.o" -o "src/main.o" "../src/main.c"
In file included from ../src/menu_controller.h:12,
                 from ../src/main.c:9:
../src/memtest_controller.h:29:2: error: redeclaration of enumerator 'QUICKPATTERN_WALKINGONE'
  QUICKPATTERN_WALKINGONE,
  ^~~~~~~~~~~~~~~~~~~~~~~
../src/memtest_controller.h:25:2: note: previous definition of 'QUICKPATTERN_WALKINGONE' was here
  QUICKPATTERN_WALKINGONE
  ^~~~~~~~~~~~~~~~~~~~~~~
make: *** [src/subdir.mk:35: src/main.o] Error 1
18:41:44 **** Auto Build of configuration Debug for project hello ****
make pre-build main-build 
a9-linaro-pre-build-step
' '
'Building file: ../src/main.c'
'Invoking: ARM v7 gcc compiler'
arm-none-eabi-gcc -Wall -O0 -g3 -c -fmessage-length=0 -MT"src/main.o" -mcpu=cortex-a9 -mfpu=vfpv3 -mfloat-abi=hard -I../../standalone_bsp_0/ps7_cortexa9_0/include -MMD -MP -MF"src/main.d" -MT"src/main.o" -o "src/main.o" "../src/main.c"
'Finished building: ../src/main.c'
' '
'Building file: ../src/memtest_controller.c'
'Invoking: ARM v7 gcc compiler'
arm-none-eabi-gcc -Wall -O0 -g3 -c -fmessage-length=0 -MT"src/memtest_controller.o" -mcpu=cortex-a9 -mfpu=vfpv3 -mfloat-abi=hard -I../../standalone_bsp_0/ps7_cortexa9_0/include -MMD -MP -MF"src/memtest_controller.d" -MT"src/memtest_controller.o" -o "src/memtest_controller.o" "../src/memtest_controller.c"
../src/memtest_controller.c: In function 'memtest_performTest':
../src/memtest_controller.c:60:26: warning: implicit declaration of function 'getNextPattern'; did you mean 'getNextQuickPattern'? [-Wimplicit-function-declaration]
   unsigned int pattern = getNextPattern(counter, mode);
                          ^~~~~~~~~~~~~~
                          getNextQuickPattern
'Finished building: ../src/memtest_controller.c'
' '
'Building file: ../src/menu_controller.c'
'Invoking: ARM v7 gcc compiler'
arm-none-eabi-gcc -Wall -O0 -g3 -c -fmessage-length=0 -MT"src/menu_controller.o" -mcpu=cortex-a9 -mfpu=vfpv3 -mfloat-abi=hard -I../../standalone_bsp_0/ps7_cortexa9_0/include -MMD -MP -MF"src/menu_controller.d" -MT"src/menu_controller.o" -o "src/menu_controller.o" "../src/menu_controller.c"
../src/menu_controller.c:11:6: error: variable 'config_memoryTestMode' has initializer but incomplete type
 enum MemTestModes config_memoryTestMode = MTESTMODE_ZEROES;
      ^~~~~~~~~~~~
../src/menu_controller.c:11:43: error: 'MTESTMODE_ZEROES' undeclared here (not in a function); did you mean 'MTESTMODE_WALKINGZERO'?
 enum MemTestModes config_memoryTestMode = MTESTMODE_ZEROES;
                                           ^~~~~~~~~~~~~~~~
                                           MTESTMODE_WALKINGZERO
../src/menu_controller.c: In function 'menu_awaitInput':
../src/menu_controller.c:45:5: error: 'config_memoryTestMode' has an incomplete type 'enum MemTestModes'
     config_memoryTestMode = (config_memoryTestMode+1)%MENU_MEMTEST_MODE_POSSIBLITIES;
     ^~~~~~~~~~~~~~~~~~~~~
../src/menu_controller.c:45:27: error: 'config_memoryTestMode' has an incomplete type 'enum MemTestModes'
     config_memoryTestMode = (config_memoryTestMode+1)%MENU_MEMTEST_MODE_POSSIBLITIES;
                           ^
../src/menu_controller.c:49:30: error: 'config_memoryTestMode' has an incomplete type 'enum MemTestModes'
       menu_getTestModeString(config_memoryTestMode)
                              ^~~~~~~~~~~~~~~~~~~~~
../src/menu_controller.c:81:67: error: 'config_memoryTestMode' has an incomplete type 'enum MemTestModes'
     memtest_performTest(MEMORY_TEST_SIZES[config_memoryTestSize], config_memoryTestMode, config_memoryTestReadCount);
                                                                   ^~~~~~~~~~~~~~~~~~~~~
../src/menu_controller.c: At top level:
../src/menu_controller.c:105:48: error: parameter 1 ('mode') has incomplete type
 char* menu_getTestModeString(enum MemTestModes mode)
                              ~~~~~~~~~~~~~~~~~~^~~~
../src/menu_controller.c: In function 'menu_getTestModeString':
../src/menu_controller.c:109:8: error: 'MTESTMODE_DEADBEEF' undeclared (first use in this function); did you mean 'MTESTMODE_WALKINGZERO'?
   case MTESTMODE_DEADBEEF:
        ^~~~~~~~~~~~~~~~~~
        MTESTMODE_WALKINGZERO
../src/menu_controller.c:109:8: note: each undeclared identifier is reported only once for each function it appears in
../src/menu_controller.c:112:8: error: 'MTESTMODE_WALKINGONE' undeclared (first use in this function); did you mean 'MTESTMODE_WALKINGZERO'?
   case MTESTMODE_WALKINGONE:
        ^~~~~~~~~~~~~~~~~~~~
        MTESTMODE_WALKINGZERO
../src/menu_controller.c: At top level:
../src/menu_controller.c:11:19: error: storage size of 'config_memoryTestMode' isn't known
 enum MemTestModes config_memoryTestMode = MTESTMODE_ZEROES;
                   ^~~~~~~~~~~~~~~~~~~~~
../src/menu_controller.c: In function 'menu_getTestModeString':
../src/menu_controller.c:118:1: warning: control reaches end of non-void function [-Wreturn-type]
 }
 ^
make: *** [src/subdir.mk:35: src/menu_controller.o] Error 1
18:41:48 **** Auto Build of configuration Debug for project hello ****
make pre-build main-build 
a9-linaro-pre-build-step
' '
'Building file: ../src/main.c'
'Invoking: ARM v7 gcc compiler'
arm-none-eabi-gcc -Wall -O0 -g3 -c -fmessage-length=0 -MT"src/main.o" -mcpu=cortex-a9 -mfpu=vfpv3 -mfloat-abi=hard -I../../standalone_bsp_0/ps7_cortexa9_0/include -MMD -MP -MF"src/main.d" -MT"src/main.o" -o "src/main.o" "../src/main.c"
'Finished building: ../src/main.c'
' '
'Building file: ../src/memtest_controller.c'
'Invoking: ARM v7 gcc compiler'
arm-none-eabi-gcc -Wall -O0 -g3 -c -fmessage-length=0 -MT"src/memtest_controller.o" -mcpu=cortex-a9 -mfpu=vfpv3 -mfloat-abi=hard -I../../standalone_bsp_0/ps7_cortexa9_0/include -MMD -MP -MF"src/memtest_controller.d" -MT"src/memtest_controller.o" -o "src/memtest_controller.o" "../src/memtest_controller.c"
../src/memtest_controller.c: In function 'memtest_performTest':
../src/memtest_controller.c:60:26: warning: implicit declaration of function 'getNextPattern'; did you mean 'getNextQuickPattern'? [-Wimplicit-function-declaration]
   unsigned int pattern = getNextPattern(counter, mode);
                          ^~~~~~~~~~~~~~
                          getNextQuickPattern
'Finished building: ../src/memtest_controller.c'
' '
'Building file: ../src/menu_controller.c'
'Invoking: ARM v7 gcc compiler'
arm-none-eabi-gcc -Wall -O0 -g3 -c -fmessage-length=0 -MT"src/menu_controller.o" -mcpu=cortex-a9 -mfpu=vfpv3 -mfloat-abi=hard -I../../standalone_bsp_0/ps7_cortexa9_0/include -MMD -MP -MF"src/menu_controller.d" -MT"src/menu_controller.o" -o "src/menu_controller.o" "../src/menu_controller.c"
../src/menu_controller.c:11:6: error: variable 'config_memoryTestMode' has initializer but incomplete type
 enum MemTestModes config_memoryTestMode = MTESTMODE_ZEROES;
      ^~~~~~~~~~~~
../src/menu_controller.c:11:43: error: 'MTESTMODE_ZEROES' undeclared here (not in a function); did you mean 'MTESTMODE_WALKINGZERO'?
 enum MemTestModes config_memoryTestMode = MTESTMODE_ZEROES;
                                           ^~~~~~~~~~~~~~~~
                                           MTESTMODE_WALKINGZERO
../src/menu_controller.c: In function 'menu_awaitInput':
../src/menu_controller.c:45:5: error: 'config_memoryTestMode' has an incomplete type 'enum MemTestModes'
     config_memoryTestMode = (config_memoryTestMode+1)%MENU_MEMTEST_MODE_POSSIBLITIES;
     ^~~~~~~~~~~~~~~~~~~~~
../src/menu_controller.c:45:27: error: 'config_memoryTestMode' has an incomplete type 'enum MemTestModes'
     config_memoryTestMode = (config_memoryTestMode+1)%MENU_MEMTEST_MODE_POSSIBLITIES;
                           ^
../src/menu_controller.c:49:30: error: 'config_memoryTestMode' has an incomplete type 'enum MemTestModes'
       menu_getTestModeString(config_memoryTestMode)
                              ^~~~~~~~~~~~~~~~~~~~~
../src/menu_controller.c:81:67: error: 'config_memoryTestMode' has an incomplete type 'enum MemTestModes'
     memtest_performTest(MEMORY_TEST_SIZES[config_memoryTestSize], config_memoryTestMode, config_memoryTestReadCount);
                                                                   ^~~~~~~~~~~~~~~~~~~~~
../src/menu_controller.c: At top level:
../src/menu_controller.c:105:48: error: parameter 1 ('mode') has incomplete type
 char* menu_getTestModeString(enum MemTestModes mode)
                              ~~~~~~~~~~~~~~~~~~^~~~
../src/menu_controller.c: In function 'menu_getTestModeString':
../src/menu_controller.c:109:8: error: 'MTESTMODE_DEADBEEF' undeclared (first use in this function); did you mean 'MTESTMODE_WALKINGZERO'?
   case MTESTMODE_DEADBEEF:
        ^~~~~~~~~~~~~~~~~~
        MTESTMODE_WALKINGZERO
../src/menu_controller.c:109:8: note: each undeclared identifier is reported only once for each function it appears in
../src/menu_controller.c:112:8: error: 'MTESTMODE_WALKINGONE' undeclared (first use in this function); did you mean 'MTESTMODE_WALKINGZERO'?
   case MTESTMODE_WALKINGONE:
        ^~~~~~~~~~~~~~~~~~~~
        MTESTMODE_WALKINGZERO
../src/menu_controller.c: At top level:
../src/menu_controller.c:11:19: error: storage size of 'config_memoryTestMode' isn't known
 enum MemTestModes config_memoryTestMode = MTESTMODE_ZEROES;
                   ^~~~~~~~~~~~~~~~~~~~~
../src/menu_controller.c: In function 'menu_getTestModeString':
../src/menu_controller.c:118:1: warning: control reaches end of non-void function [-Wreturn-type]
 }
 ^
make: *** [src/subdir.mk:35: src/menu_controller.o] Error 1
18:41:54 **** Auto Build of configuration Debug for project hello ****
make pre-build main-build 
a9-linaro-pre-build-step
' '
'Building file: ../src/main.c'
'Invoking: ARM v7 gcc compiler'
arm-none-eabi-gcc -Wall -O0 -g3 -c -fmessage-length=0 -MT"src/main.o" -mcpu=cortex-a9 -mfpu=vfpv3 -mfloat-abi=hard -I../../standalone_bsp_0/ps7_cortexa9_0/include -MMD -MP -MF"src/main.d" -MT"src/main.o" -o "src/main.o" "../src/main.c"
'Finished building: ../src/main.c'
' '
'Building file: ../src/memtest_controller.c'
'Invoking: ARM v7 gcc compiler'
arm-none-eabi-gcc -Wall -O0 -g3 -c -fmessage-length=0 -MT"src/memtest_controller.o" -mcpu=cortex-a9 -mfpu=vfpv3 -mfloat-abi=hard -I../../standalone_bsp_0/ps7_cortexa9_0/include -MMD -MP -MF"src/memtest_controller.d" -MT"src/memtest_controller.o" -o "src/memtest_controller.o" "../src/memtest_controller.c"
../src/memtest_controller.c: In function 'memtest_performTest':
../src/memtest_controller.c:60:26: warning: implicit declaration of function 'getNextPattern'; did you mean 'getNextQuickPattern'? [-Wimplicit-function-declaration]
   unsigned int pattern = getNextPattern(counter, mode);
                          ^~~~~~~~~~~~~~
                          getNextQuickPattern
'Finished building: ../src/memtest_controller.c'
' '
'Building file: ../src/menu_controller.c'
'Invoking: ARM v7 gcc compiler'
arm-none-eabi-gcc -Wall -O0 -g3 -c -fmessage-length=0 -MT"src/menu_controller.o" -mcpu=cortex-a9 -mfpu=vfpv3 -mfloat-abi=hard -I../../standalone_bsp_0/ps7_cortexa9_0/include -MMD -MP -MF"src/menu_controller.d" -MT"src/menu_controller.o" -o "src/menu_controller.o" "../src/menu_controller.c"
../src/menu_controller.c:11:6: error: variable 'config_memoryTestMode' has initializer but incomplete type
 enum MemTestModes config_memoryTestMode = MTESTMODE_ZEROES;
      ^~~~~~~~~~~~
../src/menu_controller.c:11:43: error: 'MTESTMODE_ZEROES' undeclared here (not in a function)
 enum MemTestModes config_memoryTestMode = MTESTMODE_ZEROES;
                                           ^~~~~~~~~~~~~~~~
../src/menu_controller.c: In function 'menu_awaitInput':
../src/menu_controller.c:45:5: error: 'config_memoryTestMode' has an incomplete type 'enum MemTestModes'
     config_memoryTestMode = (config_memoryTestMode+1)%MENU_MEMTEST_MODE_POSSIBLITIES;
     ^~~~~~~~~~~~~~~~~~~~~
../src/menu_controller.c:45:27: error: 'config_memoryTestMode' has an incomplete type 'enum MemTestModes'
     config_memoryTestMode = (config_memoryTestMode+1)%MENU_MEMTEST_MODE_POSSIBLITIES;
                           ^
../src/menu_controller.c:49:30: error: 'config_memoryTestMode' has an incomplete type 'enum MemTestModes'
       menu_getTestModeString(config_memoryTestMode)
                              ^~~~~~~~~~~~~~~~~~~~~
../src/menu_controller.c:81:67: error: 'config_memoryTestMode' has an incomplete type 'enum MemTestModes'
     memtest_performTest(MEMORY_TEST_SIZES[config_memoryTestSize], config_memoryTestMode, config_memoryTestReadCount);
                                                                   ^~~~~~~~~~~~~~~~~~~~~
../src/menu_controller.c: At top level:
../src/menu_controller.c:105:48: error: parameter 1 ('mode') has incomplete type
 char* menu_getTestModeString(enum MemTestModes mode)
                              ~~~~~~~~~~~~~~~~~~^~~~
../src/menu_controller.c: In function 'menu_getTestModeString':
../src/menu_controller.c:109:8: error: 'MTESTMODE_DEADBEEF' undeclared (first use in this function)
   case MTESTMODE_DEADBEEF:
        ^~~~~~~~~~~~~~~~~~
../src/menu_controller.c:109:8: note: each undeclared identifier is reported only once for each function it appears in
../src/menu_controller.c:112:8: error: 'MTESTMODE_WALKINGONE' undeclared (first use in this function)
   case MTESTMODE_WALKINGONE:
        ^~~~~~~~~~~~~~~~~~~~
../src/menu_controller.c: At top level:
../src/menu_controller.c:11:19: error: storage size of 'config_memoryTestMode' isn't known
 enum MemTestModes config_memoryTestMode = MTESTMODE_ZEROES;
                   ^~~~~~~~~~~~~~~~~~~~~
../src/menu_controller.c: In function 'menu_getTestModeString':
../src/menu_controller.c:118:1: warning: control reaches end of non-void function [-Wreturn-type]
 }
 ^
make: *** [src/subdir.mk:35: src/menu_controller.o] Error 1
18:42:39 **** Auto Build of configuration Debug for project hello ****
make pre-build main-build 
a9-linaro-pre-build-step
' '
'Building file: ../src/memtest_controller.c'
'Invoking: ARM v7 gcc compiler'
arm-none-eabi-gcc -Wall -O0 -g3 -c -fmessage-length=0 -MT"src/memtest_controller.o" -mcpu=cortex-a9 -mfpu=vfpv3 -mfloat-abi=hard -I../../standalone_bsp_0/ps7_cortexa9_0/include -MMD -MP -MF"src/memtest_controller.d" -MT"src/memtest_controller.o" -o "src/memtest_controller.o" "../src/memtest_controller.c"
../src/memtest_controller.c: In function 'memtest_performTest':
../src/memtest_controller.c:69:35: warning: implicit declaration of function 'getNextPattern'; did you mean 'getNextQuickPattern'? [-Wimplicit-function-declaration]
    unsigned int expectedPattern = getNextPattern(counter, mode);
                                   ^~~~~~~~~~~~~~
                                   getNextQuickPattern
'Finished building: ../src/memtest_controller.c'
' '
'Building file: ../src/menu_controller.c'
'Invoking: ARM v7 gcc compiler'
arm-none-eabi-gcc -Wall -O0 -g3 -c -fmessage-length=0 -MT"src/menu_controller.o" -mcpu=cortex-a9 -mfpu=vfpv3 -mfloat-abi=hard -I../../standalone_bsp_0/ps7_cortexa9_0/include -MMD -MP -MF"src/menu_controller.d" -MT"src/menu_controller.o" -o "src/menu_controller.o" "../src/menu_controller.c"
../src/menu_controller.c:11:6: error: variable 'config_memoryTestMode' has initializer but incomplete type
 enum MemTestModes config_memoryTestMode = MTESTMODE_ZEROES;
      ^~~~~~~~~~~~
../src/menu_controller.c:11:43: error: 'MTESTMODE_ZEROES' undeclared here (not in a function)
 enum MemTestModes config_memoryTestMode = MTESTMODE_ZEROES;
                                           ^~~~~~~~~~~~~~~~
../src/menu_controller.c: In function 'menu_awaitInput':
../src/menu_controller.c:45:5: error: 'config_memoryTestMode' has an incomplete type 'enum MemTestModes'
     config_memoryTestMode = (config_memoryTestMode+1)%MENU_MEMTEST_MODE_POSSIBLITIES;
     ^~~~~~~~~~~~~~~~~~~~~
../src/menu_controller.c:45:27: error: 'config_memoryTestMode' has an incomplete type 'enum MemTestModes'
     config_memoryTestMode = (config_memoryTestMode+1)%MENU_MEMTEST_MODE_POSSIBLITIES;
                           ^
../src/menu_controller.c:49:30: error: 'config_memoryTestMode' has an incomplete type 'enum MemTestModes'
       menu_getTestModeString(config_memoryTestMode)
                              ^~~~~~~~~~~~~~~~~~~~~
../src/menu_controller.c:81:67: error: 'config_memoryTestMode' has an incomplete type 'enum MemTestModes'
     memtest_performTest(MEMORY_TEST_SIZES[config_memoryTestSize], config_memoryTestMode, config_memoryTestReadCount);
                                                                   ^~~~~~~~~~~~~~~~~~~~~
../src/menu_controller.c: At top level:
../src/menu_controller.c:105:48: error: parameter 1 ('mode') has incomplete type
 char* menu_getTestModeString(enum MemTestModes mode)
                              ~~~~~~~~~~~~~~~~~~^~~~
../src/menu_controller.c: In function 'menu_getTestModeString':
../src/menu_controller.c:109:8: error: 'MTESTMODE_DEADBEEF' undeclared (first use in this function)
   case MTESTMODE_DEADBEEF:
        ^~~~~~~~~~~~~~~~~~
../src/menu_controller.c:109:8: note: each undeclared identifier is reported only once for each function it appears in
../src/menu_controller.c:112:8: error: 'MTESTMODE_WALKINGONE' undeclared (first use in this function)
   case MTESTMODE_WALKINGONE:
        ^~~~~~~~~~~~~~~~~~~~
../src/menu_controller.c: At top level:
../src/menu_controller.c:11:19: error: storage size of 'config_memoryTestMode' isn't known
 enum MemTestModes config_memoryTestMode = MTESTMODE_ZEROES;
                   ^~~~~~~~~~~~~~~~~~~~~
../src/menu_controller.c: In function 'menu_getTestModeString':
../src/menu_controller.c:118:1: warning: control reaches end of non-void function [-Wreturn-type]
 }
 ^
make: *** [src/subdir.mk:35: src/menu_controller.o] Error 1
18:42:41 **** Auto Build of configuration Debug for project hello ****
make pre-build main-build 
a9-linaro-pre-build-step
' '
'Building file: ../src/memtest_controller.c'
'Invoking: ARM v7 gcc compiler'
arm-none-eabi-gcc -Wall -O0 -g3 -c -fmessage-length=0 -MT"src/memtest_controller.o" -mcpu=cortex-a9 -mfpu=vfpv3 -mfloat-abi=hard -I../../standalone_bsp_0/ps7_cortexa9_0/include -MMD -MP -MF"src/memtest_controller.d" -MT"src/memtest_controller.o" -o "src/memtest_controller.o" "../src/memtest_controller.c"
../src/memtest_controller.c: In function 'memtest_performQuickTest':
../src/memtest_controller.c:69:35: warning: implicit declaration of function 'getNextPattern'; did you mean 'getNextQuickPattern'? [-Wimplicit-function-declaration]
    unsigned int expectedPattern = getNextPattern(counter, mode);
                                   ^~~~~~~~~~~~~~
                                   getNextQuickPattern
'Finished building: ../src/memtest_controller.c'
' '
'Building file: ../src/menu_controller.c'
'Invoking: ARM v7 gcc compiler'
arm-none-eabi-gcc -Wall -O0 -g3 -c -fmessage-length=0 -MT"src/menu_controller.o" -mcpu=cortex-a9 -mfpu=vfpv3 -mfloat-abi=hard -I../../standalone_bsp_0/ps7_cortexa9_0/include -MMD -MP -MF"src/menu_controller.d" -MT"src/menu_controller.o" -o "src/menu_controller.o" "../src/menu_controller.c"
../src/menu_controller.c:11:6: error: variable 'config_memoryTestMode' has initializer but incomplete type
 enum MemTestModes config_memoryTestMode = MTESTMODE_ZEROES;
      ^~~~~~~~~~~~
../src/menu_controller.c:11:43: error: 'MTESTMODE_ZEROES' undeclared here (not in a function)
 enum MemTestModes config_memoryTestMode = MTESTMODE_ZEROES;
                                           ^~~~~~~~~~~~~~~~
../src/menu_controller.c: In function 'menu_awaitInput':
../src/menu_controller.c:45:5: error: 'config_memoryTestMode' has an incomplete type 'enum MemTestModes'
     config_memoryTestMode = (config_memoryTestMode+1)%MENU_MEMTEST_MODE_POSSIBLITIES;
     ^~~~~~~~~~~~~~~~~~~~~
../src/menu_controller.c:45:27: error: 'config_memoryTestMode' has an incomplete type 'enum MemTestModes'
     config_memoryTestMode = (config_memoryTestMode+1)%MENU_MEMTEST_MODE_POSSIBLITIES;
                           ^
../src/menu_controller.c:49:30: error: 'config_memoryTestMode' has an incomplete type 'enum MemTestModes'
       menu_getTestModeString(config_memoryTestMode)
                              ^~~~~~~~~~~~~~~~~~~~~
../src/menu_controller.c:81:67: error: 'config_memoryTestMode' has an incomplete type 'enum MemTestModes'
     memtest_performTest(MEMORY_TEST_SIZES[config_memoryTestSize], config_memoryTestMode, config_memoryTestReadCount);
                                                                   ^~~~~~~~~~~~~~~~~~~~~
../src/menu_controller.c: At top level:
../src/menu_controller.c:105:48: error: parameter 1 ('mode') has incomplete type
 char* menu_getTestModeString(enum MemTestModes mode)
                              ~~~~~~~~~~~~~~~~~~^~~~
../src/menu_controller.c: In function 'menu_getTestModeString':
../src/menu_controller.c:109:8: error: 'MTESTMODE_DEADBEEF' undeclared (first use in this function)
   case MTESTMODE_DEADBEEF:
        ^~~~~~~~~~~~~~~~~~
../src/menu_controller.c:109:8: note: each undeclared identifier is reported only once for each function it appears in
../src/menu_controller.c:112:8: error: 'MTESTMODE_WALKINGONE' undeclared (first use in this function)
   case MTESTMODE_WALKINGONE:
        ^~~~~~~~~~~~~~~~~~~~
../src/menu_controller.c: At top level:
../src/menu_controller.c:11:19: error: storage size of 'config_memoryTestMode' isn't known
 enum MemTestModes config_memoryTestMode = MTESTMODE_ZEROES;
                   ^~~~~~~~~~~~~~~~~~~~~
../src/menu_controller.c: In function 'menu_getTestModeString':
../src/menu_controller.c:118:1: warning: control reaches end of non-void function [-Wreturn-type]
 }
 ^
make: *** [src/subdir.mk:35: src/menu_controller.o] Error 1
18:42:47 **** Auto Build of configuration Debug for project hello ****
make pre-build main-build 
a9-linaro-pre-build-step
' '
'Building file: ../src/memtest_controller.c'
'Invoking: ARM v7 gcc compiler'
arm-none-eabi-gcc -Wall -O0 -g3 -c -fmessage-length=0 -MT"src/memtest_controller.o" -mcpu=cortex-a9 -mfpu=vfpv3 -mfloat-abi=hard -I../../standalone_bsp_0/ps7_cortexa9_0/include -MMD -MP -MF"src/memtest_controller.d" -MT"src/memtest_controller.o" -o "src/memtest_controller.o" "../src/memtest_controller.c"
'Finished building: ../src/memtest_controller.c'
' '
'Building file: ../src/menu_controller.c'
'Invoking: ARM v7 gcc compiler'
arm-none-eabi-gcc -Wall -O0 -g3 -c -fmessage-length=0 -MT"src/menu_controller.o" -mcpu=cortex-a9 -mfpu=vfpv3 -mfloat-abi=hard -I../../standalone_bsp_0/ps7_cortexa9_0/include -MMD -MP -MF"src/menu_controller.d" -MT"src/menu_controller.o" -o "src/menu_controller.o" "../src/menu_controller.c"
../src/menu_controller.c:11:6: error: variable 'config_memoryTestMode' has initializer but incomplete type
 enum MemTestModes config_memoryTestMode = MTESTMODE_ZEROES;
      ^~~~~~~~~~~~
../src/menu_controller.c:11:43: error: 'MTESTMODE_ZEROES' undeclared here (not in a function)
 enum MemTestModes config_memoryTestMode = MTESTMODE_ZEROES;
                                           ^~~~~~~~~~~~~~~~
../src/menu_controller.c: In function 'menu_awaitInput':
../src/menu_controller.c:45:5: error: 'config_memoryTestMode' has an incomplete type 'enum MemTestModes'
     config_memoryTestMode = (config_memoryTestMode+1)%MENU_MEMTEST_MODE_POSSIBLITIES;
     ^~~~~~~~~~~~~~~~~~~~~
../src/menu_controller.c:45:27: error: 'config_memoryTestMode' has an incomplete type 'enum MemTestModes'
     config_memoryTestMode = (config_memoryTestMode+1)%MENU_MEMTEST_MODE_POSSIBLITIES;
                           ^
../src/menu_controller.c:49:30: error: 'config_memoryTestMode' has an incomplete type 'enum MemTestModes'
       menu_getTestModeString(config_memoryTestMode)
                              ^~~~~~~~~~~~~~~~~~~~~
../src/menu_controller.c:81:67: error: 'config_memoryTestMode' has an incomplete type 'enum MemTestModes'
     memtest_performTest(MEMORY_TEST_SIZES[config_memoryTestSize], config_memoryTestMode, config_memoryTestReadCount);
                                                                   ^~~~~~~~~~~~~~~~~~~~~
../src/menu_controller.c: At top level:
../src/menu_controller.c:105:48: error: parameter 1 ('mode') has incomplete type
 char* menu_getTestModeString(enum MemTestModes mode)
                              ~~~~~~~~~~~~~~~~~~^~~~
../src/menu_controller.c: In function 'menu_getTestModeString':
../src/menu_controller.c:109:8: error: 'MTESTMODE_DEADBEEF' undeclared (first use in this function)
   case MTESTMODE_DEADBEEF:
        ^~~~~~~~~~~~~~~~~~
../src/menu_controller.c:109:8: note: each undeclared identifier is reported only once for each function it appears in
../src/menu_controller.c:112:8: error: 'MTESTMODE_WALKINGONE' undeclared (first use in this function)
   case MTESTMODE_WALKINGONE:
        ^~~~~~~~~~~~~~~~~~~~
../src/menu_controller.c: At top level:
../src/menu_controller.c:11:19: error: storage size of 'config_memoryTestMode' isn't known
 enum MemTestModes config_memoryTestMode = MTESTMODE_ZEROES;
                   ^~~~~~~~~~~~~~~~~~~~~
../src/menu_controller.c: In function 'menu_getTestModeString':
../src/menu_controller.c:118:1: warning: control reaches end of non-void function [-Wreturn-type]
 }
 ^
make: *** [src/subdir.mk:35: src/menu_controller.o] Error 1
18:43:07 **** Auto Build of configuration Debug for project hello ****
make pre-build main-build 
a9-linaro-pre-build-step
' '
'Building file: ../src/main.c'
'Invoking: ARM v7 gcc compiler'
arm-none-eabi-gcc -Wall -O0 -g3 -c -fmessage-length=0 -MT"src/main.o" -mcpu=cortex-a9 -mfpu=vfpv3 -mfloat-abi=hard -I../../standalone_bsp_0/ps7_cortexa9_0/include -MMD -MP -MF"src/main.d" -MT"src/main.o" -o "src/main.o" "../src/main.c"
'Finished building: ../src/main.c'
' '
'Building file: ../src/memtest_controller.c'
'Invoking: ARM v7 gcc compiler'
arm-none-eabi-gcc -Wall -O0 -g3 -c -fmessage-length=0 -MT"src/memtest_controller.o" -mcpu=cortex-a9 -mfpu=vfpv3 -mfloat-abi=hard -I../../standalone_bsp_0/ps7_cortexa9_0/include -MMD -MP -MF"src/memtest_controller.d" -MT"src/memtest_controller.o" -o "src/memtest_controller.o" "../src/memtest_controller.c"
'Finished building: ../src/memtest_controller.c'
' '
'Building file: ../src/menu_controller.c'
'Invoking: ARM v7 gcc compiler'
arm-none-eabi-gcc -Wall -O0 -g3 -c -fmessage-length=0 -MT"src/menu_controller.o" -mcpu=cortex-a9 -mfpu=vfpv3 -mfloat-abi=hard -I../../standalone_bsp_0/ps7_cortexa9_0/include -MMD -MP -MF"src/menu_controller.d" -MT"src/menu_controller.o" -o "src/menu_controller.o" "../src/menu_controller.c"
../src/menu_controller.c:11:6: error: variable 'config_memoryTestMode' has initializer but incomplete type
 enum MemTestModes config_memoryTestMode = MTESTMODE_ZEROES;
      ^~~~~~~~~~~~
../src/menu_controller.c:11:43: error: 'MTESTMODE_ZEROES' undeclared here (not in a function)
 enum MemTestModes config_memoryTestMode = MTESTMODE_ZEROES;
                                           ^~~~~~~~~~~~~~~~
../src/menu_controller.c: In function 'menu_awaitInput':
../src/menu_controller.c:45:5: error: 'config_memoryTestMode' has an incomplete type 'enum MemTestModes'
     config_memoryTestMode = (config_memoryTestMode+1)%MENU_MEMTEST_MODE_POSSIBLITIES;
     ^~~~~~~~~~~~~~~~~~~~~
../src/menu_controller.c:45:27: error: 'config_memoryTestMode' has an incomplete type 'enum MemTestModes'
     config_memoryTestMode = (config_memoryTestMode+1)%MENU_MEMTEST_MODE_POSSIBLITIES;
                           ^
../src/menu_controller.c:49:30: error: 'config_memoryTestMode' has an incomplete type 'enum MemTestModes'
       menu_getTestModeString(config_memoryTestMode)
                              ^~~~~~~~~~~~~~~~~~~~~
../src/menu_controller.c:81:5: warning: implicit declaration of function 'memtest_performTest'; did you mean 'memtest_performQuickTest'? [-Wimplicit-function-declaration]
     memtest_performTest(MEMORY_TEST_SIZES[config_memoryTestSize], config_memoryTestMode, config_memoryTestReadCount);
     ^~~~~~~~~~~~~~~~~~~
     memtest_performQuickTest
../src/menu_controller.c:81:67: error: 'config_memoryTestMode' has an incomplete type 'enum MemTestModes'
     memtest_performTest(MEMORY_TEST_SIZES[config_memoryTestSize], config_memoryTestMode, config_memoryTestReadCount);
                                                                   ^~~~~~~~~~~~~~~~~~~~~
../src/menu_controller.c: At top level:
../src/menu_controller.c:105:48: error: parameter 1 ('mode') has incomplete type
 char* menu_getTestModeString(enum MemTestModes mode)
                              ~~~~~~~~~~~~~~~~~~^~~~
../src/menu_controller.c: In function 'menu_getTestModeString':
../src/menu_controller.c:109:8: error: 'MTESTMODE_DEADBEEF' undeclared (first use in this function)
   case MTESTMODE_DEADBEEF:
        ^~~~~~~~~~~~~~~~~~
../src/menu_controller.c:109:8: note: each undeclared identifier is reported only once for each function it appears in
../src/menu_controller.c:112:8: error: 'MTESTMODE_WALKINGONE' undeclared (first use in this function)
   case MTESTMODE_WALKINGONE:
        ^~~~~~~~~~~~~~~~~~~~
../src/menu_controller.c: At top level:
../src/menu_controller.c:11:19: error: storage size of 'config_memoryTestMode' isn't known
 enum MemTestModes config_memoryTestMode = MTESTMODE_ZEROES;
                   ^~~~~~~~~~~~~~~~~~~~~
../src/menu_controller.c: In function 'menu_getTestModeString':
../src/menu_controller.c:118:1: warning: control reaches end of non-void function [-Wreturn-type]
 }
 ^
make: *** [src/subdir.mk:35: src/menu_controller.o] Error 1
18:43:10 **** Auto Build of configuration Debug for project hello ****
make pre-build main-build 
a9-linaro-pre-build-step
' '
'Building file: ../src/main.c'
'Invoking: ARM v7 gcc compiler'
arm-none-eabi-gcc -Wall -O0 -g3 -c -fmessage-length=0 -MT"src/main.o" -mcpu=cortex-a9 -mfpu=vfpv3 -mfloat-abi=hard -I../../standalone_bsp_0/ps7_cortexa9_0/include -MMD -MP -MF"src/main.d" -MT"src/main.o" -o "src/main.o" "../src/main.c"
'Finished building: ../src/main.c'
' '
'Building file: ../src/memtest_controller.c'
'Invoking: ARM v7 gcc compiler'
arm-none-eabi-gcc -Wall -O0 -g3 -c -fmessage-length=0 -MT"src/memtest_controller.o" -mcpu=cortex-a9 -mfpu=vfpv3 -mfloat-abi=hard -I../../standalone_bsp_0/ps7_cortexa9_0/include -MMD -MP -MF"src/memtest_controller.d" -MT"src/memtest_controller.o" -o "src/memtest_controller.o" "../src/memtest_controller.c"
'Finished building: ../src/memtest_controller.c'
' '
'Building file: ../src/menu_controller.c'
'Invoking: ARM v7 gcc compiler'
arm-none-eabi-gcc -Wall -O0 -g3 -c -fmessage-length=0 -MT"src/menu_controller.o" -mcpu=cortex-a9 -mfpu=vfpv3 -mfloat-abi=hard -I../../standalone_bsp_0/ps7_cortexa9_0/include -MMD -MP -MF"src/menu_controller.d" -MT"src/menu_controller.o" -o "src/menu_controller.o" "../src/menu_controller.c"
../src/menu_controller.c:11:6: error: variable 'config_memoryTestMode' has initializer but incomplete type
 enum MemTestModes config_memoryTestMode = MTESTMODE_ZEROES;
      ^~~~~~~~~~~~
../src/menu_controller.c:11:43: error: 'MTESTMODE_ZEROES' undeclared here (not in a function)
 enum MemTestModes config_memoryTestMode = MTESTMODE_ZEROES;
                                           ^~~~~~~~~~~~~~~~
../src/menu_controller.c: In function 'menu_awaitInput':
../src/menu_controller.c:45:5: error: 'config_memoryTestMode' has an incomplete type 'enum MemTestModes'
     config_memoryTestMode = (config_memoryTestMode+1)%MENU_MEMTEST_MODE_POSSIBLITIES;
     ^~~~~~~~~~~~~~~~~~~~~
../src/menu_controller.c:45:27: error: 'config_memoryTestMode' has an incomplete type 'enum MemTestModes'
     config_memoryTestMode = (config_memoryTestMode+1)%MENU_MEMTEST_MODE_POSSIBLITIES;
                           ^
../src/menu_controller.c:49:30: error: 'config_memoryTestMode' has an incomplete type 'enum MemTestModes'
       menu_getTestModeString(config_memoryTestMode)
                              ^~~~~~~~~~~~~~~~~~~~~
../src/menu_controller.c:81:5: warning: implicit declaration of function 'memtest_performTest'; did you mean 'memtest_performQuickTest'? [-Wimplicit-function-declaration]
     memtest_performTest(MEMORY_TEST_SIZES[config_memoryTestSize], config_memoryTestMode, config_memoryTestReadCount);
     ^~~~~~~~~~~~~~~~~~~
     memtest_performQuickTest
../src/menu_controller.c:81:67: error: 'config_memoryTestMode' has an incomplete type 'enum MemTestModes'
     memtest_performTest(MEMORY_TEST_SIZES[config_memoryTestSize], config_memoryTestMode, config_memoryTestReadCount);
                                                                   ^~~~~~~~~~~~~~~~~~~~~
../src/menu_controller.c: At top level:
../src/menu_controller.c:105:48: error: parameter 1 ('mode') has incomplete type
 char* menu_getTestModeString(enum MemTestModes mode)
                              ~~~~~~~~~~~~~~~~~~^~~~
../src/menu_controller.c: In function 'menu_getTestModeString':
../src/menu_controller.c:109:8: error: 'MTESTMODE_DEADBEEF' undeclared (first use in this function)
   case MTESTMODE_DEADBEEF:
        ^~~~~~~~~~~~~~~~~~
../src/menu_controller.c:109:8: note: each undeclared identifier is reported only once for each function it appears in
../src/menu_controller.c:112:8: error: 'MTESTMODE_WALKINGONE' undeclared (first use in this function)
   case MTESTMODE_WALKINGONE:
        ^~~~~~~~~~~~~~~~~~~~
../src/menu_controller.c: At top level:
../src/menu_controller.c:11:19: error: storage size of 'config_memoryTestMode' isn't known
 enum MemTestModes config_memoryTestMode = MTESTMODE_ZEROES;
                   ^~~~~~~~~~~~~~~~~~~~~
../src/menu_controller.c: In function 'menu_getTestModeString':
../src/menu_controller.c:118:1: warning: control reaches end of non-void function [-Wreturn-type]
 }
 ^
make: *** [src/subdir.mk:35: src/menu_controller.o] Error 1
18:44:58 **** Auto Build of configuration Debug for project hello ****
make pre-build main-build 
a9-linaro-pre-build-step
' '
'Building file: ../src/memtest_controller.c'
'Invoking: ARM v7 gcc compiler'
arm-none-eabi-gcc -Wall -O0 -g3 -c -fmessage-length=0 -MT"src/memtest_controller.o" -mcpu=cortex-a9 -mfpu=vfpv3 -mfloat-abi=hard -I../../standalone_bsp_0/ps7_cortexa9_0/include -MMD -MP -MF"src/memtest_controller.d" -MT"src/memtest_controller.o" -o "src/memtest_controller.o" "../src/memtest_controller.c"
../src/memtest_controller.c: In function 'memtest_performDetailTest':
../src/memtest_controller.c:91:16: warning: unused variable 'currentConcurrentTestIndex' [-Wunused-variable]
  unsigned char currentConcurrentTestIndex = 0;
                ^~~~~~~~~~~~~~~~~~~~~~~~~~
../src/memtest_controller.c:90:16: warning: unused variable 'concurrentTestCount' [-Wunused-variable]
  unsigned char concurrentTestCount = 1;
                ^~~~~~~~~~~~~~~~~~~
'Finished building: ../src/memtest_controller.c'
' '
'Building file: ../src/menu_controller.c'
'Invoking: ARM v7 gcc compiler'
arm-none-eabi-gcc -Wall -O0 -g3 -c -fmessage-length=0 -MT"src/menu_controller.o" -mcpu=cortex-a9 -mfpu=vfpv3 -mfloat-abi=hard -I../../standalone_bsp_0/ps7_cortexa9_0/include -MMD -MP -MF"src/menu_controller.d" -MT"src/menu_controller.o" -o "src/menu_controller.o" "../src/menu_controller.c"
../src/menu_controller.c:11:6: error: variable 'config_memoryTestMode' has initializer but incomplete type
 enum MemTestModes config_memoryTestMode = MTESTMODE_ZEROES;
      ^~~~~~~~~~~~
../src/menu_controller.c:11:43: error: 'MTESTMODE_ZEROES' undeclared here (not in a function)
 enum MemTestModes config_memoryTestMode = MTESTMODE_ZEROES;
                                           ^~~~~~~~~~~~~~~~
../src/menu_controller.c: In function 'menu_awaitInput':
../src/menu_controller.c:45:5: error: 'config_memoryTestMode' has an incomplete type 'enum MemTestModes'
     config_memoryTestMode = (config_memoryTestMode+1)%MENU_MEMTEST_MODE_POSSIBLITIES;
     ^~~~~~~~~~~~~~~~~~~~~
../src/menu_controller.c:45:27: error: 'config_memoryTestMode' has an incomplete type 'enum MemTestModes'
     config_memoryTestMode = (config_memoryTestMode+1)%MENU_MEMTEST_MODE_POSSIBLITIES;
                           ^
../src/menu_controller.c:49:30: error: 'config_memoryTestMode' has an incomplete type 'enum MemTestModes'
       menu_getTestModeString(config_memoryTestMode)
                              ^~~~~~~~~~~~~~~~~~~~~
../src/menu_controller.c:81:5: warning: implicit declaration of function 'memtest_performTest'; did you mean 'memtest_performQuickTest'? [-Wimplicit-function-declaration]
     memtest_performTest(MEMORY_TEST_SIZES[config_memoryTestSize], config_memoryTestMode, config_memoryTestReadCount);
     ^~~~~~~~~~~~~~~~~~~
     memtest_performQuickTest
../src/menu_controller.c:81:67: error: 'config_memoryTestMode' has an incomplete type 'enum MemTestModes'
     memtest_performTest(MEMORY_TEST_SIZES[config_memoryTestSize], config_memoryTestMode, config_memoryTestReadCount);
                                                                   ^~~~~~~~~~~~~~~~~~~~~
../src/menu_controller.c: At top level:
../src/menu_controller.c:105:48: error: parameter 1 ('mode') has incomplete type
 char* menu_getTestModeString(enum MemTestModes mode)
                              ~~~~~~~~~~~~~~~~~~^~~~
[...]
   text	   data	    bss	    dec	    hex	filename
  58284	   2616	  23416	  84316	  1495c	hello.elf
'Finished building: hello.elf.size'
' '
19:04:17 **** Auto Build of configuration Debug for project hello ****
make pre-build main-build 
a9-linaro-pre-build-step
' '
'Building file: ../src/menu_controller.c'
'Invoking: ARM v7 gcc compiler'
arm-none-eabi-gcc -Wall -O0 -g3 -c -fmessage-length=0 -MT"src/menu_controller.o" -mcpu=cortex-a9 -mfpu=vfpv3 -mfloat-abi=hard -I../../standalone_bsp_0/ps7_cortexa9_0/include -MMD -MP -MF"src/menu_controller.d" -MT"src/menu_controller.o" -o "src/menu_controller.o" "../src/menu_controller.c"
../src/menu_controller.c: In function 'menu_awaitInput':
../src/menu_controller.c:93:5: error: expected expression before 'else'
     else
     ^~~~
make: *** [src/subdir.mk:35: src/menu_controller.o] Error 1
19:04:38 **** Auto Build of configuration Debug for project hello ****
make pre-build main-build 
a9-linaro-pre-build-step
' '
'Building file: ../src/menu_controller.c'
'Invoking: ARM v7 gcc compiler'
arm-none-eabi-gcc -Wall -O0 -g3 -c -fmessage-length=0 -MT"src/menu_controller.o" -mcpu=cortex-a9 -mfpu=vfpv3 -mfloat-abi=hard -I../../standalone_bsp_0/ps7_cortexa9_0/include -MMD -MP -MF"src/menu_controller.d" -MT"src/menu_controller.o" -o "src/menu_controller.o" "../src/menu_controller.c"
../src/menu_controller.c: In function 'menu_awaitInput':
../src/menu_controller.c:93:5: error: expected expression before 'else'
     else
     ^~~~
make: *** [src/subdir.mk:35: src/menu_controller.o] Error 1
19:05:08 **** Auto Build of configuration Debug for project hello ****
make pre-build main-build 
a9-linaro-pre-build-step
' '
'Building file: ../src/menu_controller.c'
'Invoking: ARM v7 gcc compiler'
arm-none-eabi-gcc -Wall -O0 -g3 -c -fmessage-length=0 -MT"src/menu_controller.o" -mcpu=cortex-a9 -mfpu=vfpv3 -mfloat-abi=hard -I../../standalone_bsp_0/ps7_cortexa9_0/include -MMD -MP -MF"src/menu_controller.d" -MT"src/menu_controller.o" -o "src/menu_controller.o" "../src/menu_controller.c"
../src/menu_controller.c: In function 'menu_awaitInput':
../src/menu_controller.c:93:5: error: expected expression before 'else'
     else
     ^~~~
make: *** [src/subdir.mk:35: src/menu_controller.o] Error 1
19:05:15 **** Auto Build of configuration Debug for project hello ****
make pre-build main-build 
a9-linaro-pre-build-step
' '
'Building file: ../src/menu_controller.c'
'Invoking: ARM v7 gcc compiler'
arm-none-eabi-gcc -Wall -O0 -g3 -c -fmessage-length=0 -MT"src/menu_controller.o" -mcpu=cortex-a9 -mfpu=vfpv3 -mfloat-abi=hard -I../../standalone_bsp_0/ps7_cortexa9_0/include -MMD -MP -MF"src/menu_controller.d" -MT"src/menu_controller.o" -o "src/menu_controller.o" "../src/menu_controller.c"
../src/menu_controller.c: In function 'menu_awaitInput':
../src/menu_controller.c:93:5: error: expected expression before 'else'
     else
     ^~~~
make: *** [src/subdir.mk:35: src/menu_controller.o] Error 1
19:06:39 **** Auto Build of configuration Debug for project hello ****
make pre-build main-build 
a9-linaro-pre-build-step
' '
'Building file: ../src/menu_controller.c'
'Invoking: ARM v7 gcc compiler'
arm-none-eabi-gcc -Wall -O0 -g3 -c -fmessage-length=0 -MT"src/menu_controller.o" -mcpu=cortex-a9 -mfpu=vfpv3 -mfloat-abi=hard -I../../standalone_bsp_0/ps7_cortexa9_0/include -MMD -MP -MF"src/menu_controller.d" -MT"src/menu_controller.o" -o "src/menu_controller.o" "../src/menu_controller.c"
'Finished building: ../src/menu_controller.c'
' '
'Building target: hello.elf'
'Invoking: ARM v7 gcc linker'
arm-none-eabi-gcc -mcpu=cortex-a9 -mfpu=vfpv3 -mfloat-abi=hard -Wl,-build-id=none -specs=Xilinx.spec -Wl,-T -Wl,../src/lscript.ld -L../../standalone_bsp_0/ps7_cortexa9_0/lib -o "hello.elf"  ./src/main.o ./src/memtest_controller.o ./src/menu_controller.o ./src/platform.o ./src/uart_controller.o   -Wl,--start-group,-lxil,-lgcc,-lc,--end-group
'Finished building target: hello.elf'
' '
'Invoking: ARM v7 Print Size'
arm-none-eabi-size hello.elf  |tee "hello.elf.size"
   text	   data	    bss	    dec	    hex	filename
  58348	   2616	  23416	  84380	  1499c	hello.elf
'Finished building: hello.elf.size'
' '
19:26:29 **** Auto Build of configuration Debug for project hello ****
make pre-build main-build 
a9-linaro-pre-build-step
' '
'Building file: ../src/menu_controller.c'
'Invoking: ARM v7 gcc compiler'
arm-none-eabi-gcc -Wall -O0 -g3 -c -fmessage-length=0 -MT"src/menu_controller.o" -mcpu=cortex-a9 -mfpu=vfpv3 -mfloat-abi=hard -I../../standalone_bsp_0/ps7_cortexa9_0/include -MMD -MP -MF"src/menu_controller.d" -MT"src/menu_controller.o" -o "src/menu_controller.o" "../src/menu_controller.c"
../src/menu_controller.c: In function 'menu_awaitInput':
../src/menu_controller.c:59:5: warning: this 'else' clause does not guard... [-Wmisleading-indentation]
     else
     ^~~~
../src/menu_controller.c:61:6: note: ...this statement, but the latter is misleadingly indented as if it were guarded by the 'else'
      stringlength = sprintf(
      ^~~~~~~~~~~~
'Finished building: ../src/menu_controller.c'
' '
'Building target: hello.elf'
'Invoking: ARM v7 gcc linker'
arm-none-eabi-gcc -mcpu=cortex-a9 -mfpu=vfpv3 -mfloat-abi=hard -Wl,-build-id=none -specs=Xilinx.spec -Wl,-T -Wl,../src/lscript.ld -L../../standalone_bsp_0/ps7_cortexa9_0/lib -o "hello.elf"  ./src/main.o ./src/memtest_controller.o ./src/menu_controller.o ./src/platform.o ./src/uart_controller.o   -Wl,--start-group,-lxil,-lgcc,-lc,--end-group
'Finished building target: hello.elf'
' '
'Invoking: ARM v7 Print Size'
arm-none-eabi-size hello.elf  |tee "hello.elf.size"
   text	   data	    bss	    dec	    hex	filename
  58452	   2616	  23416	  84484	  14a04	hello.elf
'Finished building: hello.elf.size'
' '
19:26:45 **** Auto Build of configuration Debug for project hello ****
make pre-build main-build 
a9-linaro-pre-build-step
' '
'Building file: ../src/menu_controller.c'
'Invoking: ARM v7 gcc compiler'
arm-none-eabi-gcc -Wall -O0 -g3 -c -fmessage-length=0 -MT"src/menu_controller.o" -mcpu=cortex-a9 -mfpu=vfpv3 -mfloat-abi=hard -I../../standalone_bsp_0/ps7_cortexa9_0/include -MMD -MP -MF"src/menu_controller.d" -MT"src/menu_controller.o" -o "src/menu_controller.o" "../src/menu_controller.c"
'Finished building: ../src/menu_controller.c'
' '
'Building target: hello.elf'
'Invoking: ARM v7 gcc linker'
arm-none-eabi-gcc -mcpu=cortex-a9 -mfpu=vfpv3 -mfloat-abi=hard -Wl,-build-id=none -specs=Xilinx.spec -Wl,-T -Wl,../src/lscript.ld -L../../standalone_bsp_0/ps7_cortexa9_0/lib -o "hello.elf"  ./src/main.o ./src/memtest_controller.o ./src/menu_controller.o ./src/platform.o ./src/uart_controller.o   -Wl,--start-group,-lxil,-lgcc,-lc,--end-group
'Finished building target: hello.elf'
' '
'Invoking: ARM v7 Print Size'
arm-none-eabi-size hello.elf  |tee "hello.elf.size"
   text	   data	    bss	    dec	    hex	filename
  58452	   2616	  23416	  84484	  14a04	hello.elf
'Finished building: hello.elf.size'
' '
19:26:55 **** Incremental Build of configuration Debug for project hello ****
make pre-build main-build 
a9-linaro-pre-build-step
' '
make: Nothing to be done for 'main-build'.
19:29:03 **** Auto Build of configuration Debug for project hello ****
make pre-build main-build 
a9-linaro-pre-build-step
' '
'Building file: ../src/memtest_controller.c'
'Invoking: ARM v7 gcc compiler'
arm-none-eabi-gcc -Wall -O0 -g3 -c -fmessage-length=0 -MT"src/memtest_controller.o" -mcpu=cortex-a9 -mfpu=vfpv3 -mfloat-abi=hard -I../../standalone_bsp_0/ps7_cortexa9_0/include -MMD -MP -MF"src/memtest_controller.d" -MT"src/memtest_controller.o" -o "src/memtest_controller.o" "../src/memtest_controller.c"
../src/memtest_controller.c: In function 'memtest_performQuickTest':
../src/memtest_controller.c:101:3: warning: statement with no effect [-Wunused-value]
   for(readCount; readCount > 0; readCount--)
   ^~~
'Finished building: ../src/memtest_controller.c'
' '
'Building target: hello.elf'
'Invoking: ARM v7 gcc linker'
arm-none-eabi-gcc -mcpu=cortex-a9 -mfpu=vfpv3 -mfloat-abi=hard -Wl,-build-id=none -specs=Xilinx.spec -Wl,-T -Wl,../src/lscript.ld -L../../standalone_bsp_0/ps7_cortexa9_0/lib -o "hello.elf"  ./src/main.o ./src/memtest_controller.o ./src/menu_controller.o ./src/platform.o ./src/uart_controller.o   -Wl,--start-group,-lxil,-lgcc,-lc,--end-group
'Finished building target: hello.elf'
' '
'Invoking: ARM v7 Print Size'
arm-none-eabi-size hello.elf  |tee "hello.elf.size"
   text	   data	    bss	    dec	    hex	filename
  58516	   2616	  23416	  84548	  14a44	hello.elf
'Finished building: hello.elf.size'
' '
19:29:25 **** Auto Build of configuration Debug for project hello ****
make pre-build main-build 
a9-linaro-pre-build-step
' '
'Building file: ../src/memtest_controller.c'
'Invoking: ARM v7 gcc compiler'
arm-none-eabi-gcc -Wall -O0 -g3 -c -fmessage-length=0 -MT"src/memtest_controller.o" -mcpu=cortex-a9 -mfpu=vfpv3 -mfloat-abi=hard -I../../standalone_bsp_0/ps7_cortexa9_0/include -MMD -MP -MF"src/memtest_controller.d" -MT"src/memtest_controller.o" -o "src/memtest_controller.o" "../src/memtest_controller.c"
'Finished building: ../src/memtest_controller.c'
' '
'Building target: hello.elf'
'Invoking: ARM v7 gcc linker'
arm-none-eabi-gcc -mcpu=cortex-a9 -mfpu=vfpv3 -mfloat-abi=hard -Wl,-build-id=none -specs=Xilinx.spec -Wl,-T -Wl,../src/lscript.ld -L../../standalone_bsp_0/ps7_cortexa9_0/lib -o "hello.elf"  ./src/main.o ./src/memtest_controller.o ./src/menu_controller.o ./src/platform.o ./src/uart_controller.o   -Wl,--start-group,-lxil,-lgcc,-lc,--end-group
'Finished building target: hello.elf'
' '
'Invoking: ARM v7 Print Size'
arm-none-eabi-size hello.elf  |tee "hello.elf.size"
   text	   data	    bss	    dec	    hex	filename
  58516	   2616	  23416	  84548	  14a44	hello.elf
'Finished building: hello.elf.size'
' '
19:29:35 **** Incremental Build of configuration Debug for project hello ****
make pre-build main-build 
a9-linaro-pre-build-step
' '
make: Nothing to be done for 'main-build'.
19:31:32 **** Auto Build of configuration Debug for project hello ****
make pre-build main-build 
a9-linaro-pre-build-step
' '
'Building file: ../src/memtest_controller.c'
'Invoking: ARM v7 gcc compiler'
arm-none-eabi-gcc -Wall -O0 -g3 -c -fmessage-length=0 -MT"src/memtest_controller.o" -mcpu=cortex-a9 -mfpu=vfpv3 -mfloat-abi=hard -I../../standalone_bsp_0/ps7_cortexa9_0/include -MMD -MP -MF"src/memtest_controller.d" -MT"src/memtest_controller.o" -o "src/memtest_controller.o" "../src/memtest_controller.c"
../src/memtest_controller.c: In function 'memtest_performQuickTest':
../src/memtest_controller.c:100:2: error: expected ',' or ';' before 'for'
  for(unsigned int counter = 0; counter < wordCount; counter++)
  ^~~
../src/memtest_controller.c:100:32: error: 'counter' undeclared (first use in this function); did you mean 'toupper'?
  for(unsigned int counter = 0; counter < wordCount; counter++)
                                ^~~~~~~
                                toupper
../src/memtest_controller.c:100:32: note: each undeclared identifier is reported only once for each function it appears in
../src/memtest_controller.c:100:62: error: expected ';' before ')' token
  for(unsigned int counter = 0; counter < wordCount; counter++)
                                                              ^
                                                              ;
../src/memtest_controller.c:100:62: error: expected statement before ')' token
../src/memtest_controller.c:99:16: warning: unused variable 'currentReadCount' [-Wunused-variable]
  unsigned char currentReadCount = 0
                ^~~~~~~~~~~~~~~~
make: *** [src/subdir.mk:35: src/memtest_controller.o] Error 1
19:31:41 **** Auto Build of configuration Debug for project hello ****
make pre-build main-build 
a9-linaro-pre-build-step
' '
'Building file: ../src/memtest_controller.c'
'Invoking: ARM v7 gcc compiler'
arm-none-eabi-gcc -Wall -O0 -g3 -c -fmessage-length=0 -MT"src/memtest_controller.o" -mcpu=cortex-a9 -mfpu=vfpv3 -mfloat-abi=hard -I../../standalone_bsp_0/ps7_cortexa9_0/include -MMD -MP -MF"src/memtest_controller.d" -MT"src/memtest_controller.o" -o "src/memtest_controller.o" "../src/memtest_controller.c"
../src/memtest_controller.c: In function 'memtest_performQuickTest':
../src/memtest_controller.c:99:16: warning: variable 'currentReadCount' set but not used [-Wunused-but-set-variable]
  unsigned char currentReadCount;
                ^~~~~~~~~~~~~~~~
'Finished building: ../src/memtest_controller.c'
' '
'Building target: hello.elf'
'Invoking: ARM v7 gcc linker'
arm-none-eabi-gcc -mcpu=cortex-a9 -mfpu=vfpv3 -mfloat-abi=hard -Wl,-build-id=none -specs=Xilinx.spec -Wl,-T -Wl,../src/lscript.ld -L../../standalone_bsp_0/ps7_cortexa9_0/lib -o "hello.elf"  ./src/main.o ./src/memtest_controller.o ./src/menu_controller.o ./src/platform.o ./src/uart_controller.o   -Wl,--start-group,-lxil,-lgcc,-lc,--end-group
'Finished building target: hello.elf'
' '
'Invoking: ARM v7 Print Size'
arm-none-eabi-size hello.elf  |tee "hello.elf.size"
   text	   data	    bss	    dec	    hex	filename
  58516	   2616	  23416	  84548	  14a44	hello.elf
'Finished building: hello.elf.size'
' '
19:31:44 **** Auto Build of configuration Debug for project hello ****
make pre-build main-build 
a9-linaro-pre-build-step
' '
'Building file: ../src/memtest_controller.c'
'Invoking: ARM v7 gcc compiler'
arm-none-eabi-gcc -Wall -O0 -g3 -c -fmessage-length=0 -MT"src/memtest_controller.o" -mcpu=cortex-a9 -mfpu=vfpv3 -mfloat-abi=hard -I../../standalone_bsp_0/ps7_cortexa9_0/include -MMD -MP -MF"src/memtest_controller.d" -MT"src/memtest_controller.o" -o "src/memtest_controller.o" "../src/memtest_controller.c"
'Finished building: ../src/memtest_controller.c'
' '
'Building target: hello.elf'
'Invoking: ARM v7 gcc linker'
arm-none-eabi-gcc -mcpu=cortex-a9 -mfpu=vfpv3 -mfloat-abi=hard -Wl,-build-id=none -specs=Xilinx.spec -Wl,-T -Wl,../src/lscript.ld -L../../standalone_bsp_0/ps7_cortexa9_0/lib -o "hello.elf"  ./src/main.o ./src/memtest_controller.o ./src/menu_controller.o ./src/platform.o ./src/uart_controller.o   -Wl,--start-group,-lxil,-lgcc,-lc,--end-group
'Finished building target: hello.elf'
' '
'Invoking: ARM v7 Print Size'
arm-none-eabi-size hello.elf  |tee "hello.elf.size"
   text	   data	    bss	    dec	    hex	filename
  58516	   2616	  23416	  84548	  14a44	hello.elf
'Finished building: hello.elf.size'
' '
19:32:02 **** Auto Build of configuration Debug for project hello ****
make pre-build main-build 
a9-linaro-pre-build-step
' '
'Building file: ../src/memtest_controller.c'
'Invoking: ARM v7 gcc compiler'
arm-none-eabi-gcc -Wall -O0 -g3 -c -fmessage-length=0 -MT"src/memtest_controller.o" -mcpu=cortex-a9 -mfpu=vfpv3 -mfloat-abi=hard -I../../standalone_bsp_0/ps7_cortexa9_0/include -MMD -MP -MF"src/memtest_controller.d" -MT"src/memtest_controller.o" -o "src/memtest_controller.o" "../src/memtest_controller.c"
'Finished building: ../src/memtest_controller.c'
' '
'Building target: hello.elf'
'Invoking: ARM v7 gcc linker'
arm-none-eabi-gcc -mcpu=cortex-a9 -mfpu=vfpv3 -mfloat-abi=hard -Wl,-build-id=none -specs=Xilinx.spec -Wl,-T -Wl,../src/lscript.ld -L../../standalone_bsp_0/ps7_cortexa9_0/lib -o "hello.elf"  ./src/main.o ./src/memtest_controller.o ./src/menu_controller.o ./src/platform.o ./src/uart_controller.o   -Wl,--start-group,-lxil,-lgcc,-lc,--end-group
'Finished building target: hello.elf'
' '
'Invoking: ARM v7 Print Size'
arm-none-eabi-size hello.elf  |tee "hello.elf.size"
   text	   data	    bss	    dec	    hex	filename
  58516	   2616	  23416	  84548	  14a44	hello.elf
'Finished building: hello.elf.size'
' '
19:32:04 **** Auto Build of configuration Debug for project hello ****
make pre-build main-build 
a9-linaro-pre-build-step
' '
'Building file: ../src/memtest_controller.c'
'Invoking: ARM v7 gcc compiler'
arm-none-eabi-gcc -Wall -O0 -g3 -c -fmessage-length=0 -MT"src/memtest_controller.o" -mcpu=cortex-a9 -mfpu=vfpv3 -mfloat-abi=hard -I../../standalone_bsp_0/ps7_cortexa9_0/include -MMD -MP -MF"src/memtest_controller.d" -MT"src/memtest_controller.o" -o "src/memtest_controller.o" "../src/memtest_controller.c"
'Finished building: ../src/memtest_controller.c'
' '
'Building target: hello.elf'
'Invoking: ARM v7 gcc linker'
arm-none-eabi-gcc -mcpu=cortex-a9 -mfpu=vfpv3 -mfloat-abi=hard -Wl,-build-id=none -specs=Xilinx.spec -Wl,-T -Wl,../src/lscript.ld -L../../standalone_bsp_0/ps7_cortexa9_0/lib -o "hello.elf"  ./src/main.o ./src/memtest_controller.o ./src/menu_controller.o ./src/platform.o ./src/uart_controller.o   -Wl,--start-group,-lxil,-lgcc,-lc,--end-group
'Finished building target: hello.elf'
' '
'Invoking: ARM v7 Print Size'
arm-none-eabi-size hello.elf  |tee "hello.elf.size"
   text	   data	    bss	    dec	    hex	filename
  58516	   2616	  23416	  84548	  14a44	hello.elf
'Finished building: hello.elf.size'
' '
19:32:08 **** Incremental Build of configuration Debug for project hello ****
make pre-build main-build 
a9-linaro-pre-build-step
' '
make: Nothing to be done for 'main-build'.
19:34:37 **** Auto Build of configuration Debug for project hello ****
make pre-build main-build 
a9-linaro-pre-build-step
' '
'Building file: ../src/memtest_controller.c'
'Invoking: ARM v7 gcc compiler'
arm-none-eabi-gcc -Wall -O0 -g3 -c -fmessage-length=0 -MT"src/memtest_controller.o" -mcpu=cortex-a9 -mfpu=vfpv3 -mfloat-abi=hard -I../../standalone_bsp_0/ps7_cortexa9_0/include -MMD -MP -MF"src/memtest_controller.d" -MT"src/memtest_controller.o" -o "src/memtest_controller.o" "../src/memtest_controller.c"
'Finished building: ../src/memtest_controller.c'
' '
'Building target: hello.elf'
'Invoking: ARM v7 gcc linker'
arm-none-eabi-gcc -mcpu=cortex-a9 -mfpu=vfpv3 -mfloat-abi=hard -Wl,-build-id=none -specs=Xilinx.spec -Wl,-T -Wl,../src/lscript.ld -L../../standalone_bsp_0/ps7_cortexa9_0/lib -o "hello.elf"  ./src/main.o ./src/memtest_controller.o ./src/menu_controller.o ./src/platform.o ./src/uart_controller.o   -Wl,--start-group,-lxil,-lgcc,-lc,--end-group
'Finished building target: hello.elf'
' '
'Invoking: ARM v7 Print Size'
arm-none-eabi-size hello.elf  |tee "hello.elf.size"
   text	   data	    bss	    dec	    hex	filename
  58516	   2616	  23416	  84548	  14a44	hello.elf
'Finished building: hello.elf.size'
' '
19:34:40 **** Incremental Build of configuration Debug for project hello ****
make pre-build main-build 
a9-linaro-pre-build-step
' '
make: Nothing to be done for 'main-build'.
19:35:52 **** Incremental Build of configuration Debug for project hello ****
make pre-build main-build 
a9-linaro-pre-build-step
' '
make: Nothing to be done for 'main-build'.
19:37:10 **** Auto Build of configuration Debug for project hello ****
make pre-build main-build 
a9-linaro-pre-build-step
' '
'Building file: ../src/memtest_controller.c'
'Invoking: ARM v7 gcc compiler'
arm-none-eabi-gcc -Wall -O0 -g3 -c -fmessage-length=0 -MT"src/memtest_controller.o" -mcpu=cortex-a9 -mfpu=vfpv3 -mfloat-abi=hard -I../../standalone_bsp_0/ps7_cortexa9_0/include -MMD -MP -MF"src/memtest_controller.d" -MT"src/memtest_controller.o" -o "src/memtest_controller.o" "../src/memtest_controller.c"
'Finished building: ../src/memtest_controller.c'
' '
'Building target: hello.elf'
'Invoking: ARM v7 gcc linker'
arm-none-eabi-gcc -mcpu=cortex-a9 -mfpu=vfpv3 -mfloat-abi=hard -Wl,-build-id=none -specs=Xilinx.spec -Wl,-T -Wl,../src/lscript.ld -L../../standalone_bsp_0/ps7_cortexa9_0/lib -o "hello.elf"  ./src/main.o ./src/memtest_controller.o ./src/menu_controller.o ./src/platform.o ./src/uart_controller.o   -Wl,--start-group,-lxil,-lgcc,-lc,--end-group
'Finished building target: hello.elf'
' '
'Invoking: ARM v7 Print Size'
arm-none-eabi-size hello.elf  |tee "hello.elf.size"
   text	   data	    bss	    dec	    hex	filename
  58516	   2616	  23416	  84548	  14a44	hello.elf
'Finished building: hello.elf.size'
' '
19:37:19 **** Incremental Build of configuration Debug for project hello ****
make pre-build main-build 
a9-linaro-pre-build-step
' '
make: Nothing to be done for 'main-build'.
