18:38:23 **** Auto Build of configuration Debug for project hello ****
make pre-build main-build 
a9-linaro-pre-build-step
' '
'Building file: ../src/main.c'
'Invoking: ARM v7 gcc compiler'
arm-none-eabi-gcc -Wall -O0 -g3 -c -fmessage-length=0 -MT"src/main.o" -mcpu=cortex-a9 -mfpu=vfpv3 -mfloat-abi=hard -I../../standalone_bsp_0/ps7_cortexa9_0/include -MMD -MP -MF"src/main.d" -MT"src/main.o" -o "src/main.o" "../src/main.c"
../src/main.c: In function 'main':
../src/main.c:17:16: warning: pointer targets in passing argument 1 of 'uart_write' differ in signedness [-Wpointer-sign]
     uart_write("Device booted.\n\r",15);
                ^~~~~~~~~~~~~~~~~~~~
In file included from ../src/menu_controller.h:11,
                 from ../src/main.c:9:
../src/uart_controller.h:30:5: note: expected 'unsigned char *' but argument is of type 'char *'
 int uart_write(unsigned char * buffer, unsigned int size);
     ^~~~~~~~~~
../src/main.c:39:16: warning: pointer targets in passing argument 1 of 'uart_write' differ in signedness [-Wpointer-sign]
     uart_write("Error simulation is enabled.\n\r",30);
                ^~~~~~~~~~~~~~~~~~~~~~~~~~~~~~~~~~
In file included from ../src/menu_controller.h:11,
                 from ../src/main.c:9:
../src/uart_controller.h:30:5: note: expected 'unsigned char *' but argument is of type 'char *'
 int uart_write(unsigned char * buffer, unsigned int size);
     ^~~~~~~~~~
../src/main.c:42:16: warning: pointer targets in passing argument 1 of 'uart_write' differ in signedness [-Wpointer-sign]
     uart_write("Running quick memory test.\n\r",27);
                ^~~~~~~~~~~~~~~~~~~~~~~~~~~~~~~~
In file included from ../src/menu_controller.h:11,
                 from ../src/main.c:9:
../src/uart_controller.h:30:5: note: expected 'unsigned char *' but argument is of type 'char *'
 int uart_write(unsigned char * buffer, unsigned int size);
     ^~~~~~~~~~
'Finished building: ../src/main.c'
' '
'Building target: hello.elf'
'Invoking: ARM v7 gcc linker'
arm-none-eabi-gcc -mcpu=cortex-a9 -mfpu=vfpv3 -mfloat-abi=hard -Wl,-build-id=none -specs=Xilinx.spec -Wl,-T -Wl,../src/lscript.ld -L../../standalone_bsp_0/ps7_cortexa9_0/lib -o "hello.elf"  ./src/main.o ./src/memtest_controller.o ./src/menu_controller.o ./src/platform.o ./src/uart_controller.o   -Wl,--start-group,-lxil,-lgcc,-lc,--end-group
'Finished building target: hello.elf'
' '
'Invoking: ARM v7 Print Size'
arm-none-eabi-size hello.elf  |tee "hello.elf.size"
   text	   data	    bss	    dec	    hex	filename
  59668	   2616	  23420	  85704	  14ec8	hello.elf
'Finished building: hello.elf.size'
' '

18:38:23 Build Finished (took 811ms)

